[Licensing::Module] Trying to connect to existing licensing client channel...
Built from '6000.3/staging' branch; Version is '6000.3.24f1 (4e7b9b5b6244) revision 5143451'; Using compiler version '194234433'; Build Type 'Release'
[Licensing::IpcConnector] Successfully connected to: "LicenseClient-Ryoga" at "2026-09-15T14:59:01.0383346Z"
OS: 'Windows 11  (10.0.26200) Professional' Language: 'ja' Physical Memory: 32661 MB
BatchMode: 1, IsHumanControllingUs: 0, StartBugReporterOnCrash: 0, Is64bit: 1
System  architecture: x64
Process architecture: x64
Date: 2026-09-15T14:59:01Z
[Licensing::Client] Code 10 while verifying Licensing Client signature (process Id: 2032, path: "C:/Program Files/Unity Hub/UnityLicensingClient_V1/Unity.Licensing.Client.exe")
[Licensing::Module] LicensingClient has failed validation; ignoring
[Licensing::Client] Handshaking with LicensingClient:
  Version:                 1.18.3+d7ffd15
  Session Id:              1bb1af160de3474f9ca001e4615d78b9
  Correlation Id:          5cd4be776f5fa1073434178682ddf08a
  External correlation Id: 1971094279072638006
  Machine Id:              XTpCx8I/3MDQd1zfbb3tS/9gqlE=
[Licensing::Module] Successfully connected to LicensingClient on channel: "LicenseClient-Ryoga" (connect: 0.00s, validation: 0.00s, handshake: 0.04s)
[Licensing::IpcConnector] Successfully connected to: "LicenseClient-Ryoga-notifications" at "2026-09-15T14:59:01.0836567Z"
[Licensing::Module] Licensing Background thread has ended after 0.05s

COMMAND LINE ARGUMENTS:
C:\Program Files\Unity\Hub\Editor\6000.3.24f1\Editor\Unity.exe
-adb2
-batchMode
-noUpm
-name
AssetImportWorker1
-projectPath
C:/Users/Ryoga/UnityProjects/RoboconYamanashiSim
-logFile
Logs/AssetImportWorker1.log
-srvPort
56930
-parentPid
25956
-analyticsCloudUserId
anonymous
-analyticsCloudProjectId
d5df8a1d-559c-4662-8385-623af40fbc3a
-analyticsLocalProjectId
bd4ca7cf48b1baf40ae4737a4155202a
-editorAnalyticsEnabled
1
-cbmEditorLicense
02652e5e79b1e60ead56627423232b0070d18552
-cbmMachineId
XTpCx8I/3MDQd1zfbb3tS/9gqlE=
-licensingIpc
LicenseClient-Ryoga
-job-worker-count
7
-background-job-worker-count
8
-gc-helper-count
1
-name
AssetImport
Successfully changed project path to: C:/Users/Ryoga/UnityProjects/RoboconYamanashiSim
C:/Users/Ryoga/UnityProjects/RoboconYamanashiSim
[UnityMemory] Configuration Parameters - Can be set up in boot.config
    "memorysetup-temp-allocator-size-nav-mesh-worker=65536"
    "memorysetup-temp-allocator-size-audio-worker=65536"
    "memorysetup-temp-allocator-size-gfx=262144"
    "memorysetup-allocator-temp-initial-block-size-main=262144"
    "memorysetup-allocator-temp-initial-block-size-worker=262144"
    "memorysetup-temp-allocator-size-background-worker=32768"
    "memorysetup-temp-allocator-size-job-worker=262144"
    "memorysetup-temp-allocator-size-preload-manager=33554432"
    "memorysetup-remapper-allocator-initial-capacity=32768"
    "memorysetup-temp-allocator-size-gi-baking-worker=262144"
    "memorysetup-temp-allocator-size-gi-baking-worker=262144"
    "memorysetup-temp-allocator-size-gi-baking-worker=262144"
    "memorysetup-temp-allocator-size-gi-baking-worker=262144"
    "memorysetup-temp-allocator-size-gi-baking-worker=262144"
    "memorysetup-bucket-allocator-granularity=16"
    "memorysetup-bucket-allocator-bucket-count=8"
    "memorysetup-bucket-allocator-block-size=33554432"
    "memorysetup-bucket-allocator-block-count=8"
    "memorysetup-main-allocator-block-size=16777216"
    "memorysetup-thread-allocator-block-size=16777216"
    "memorysetup-gfx-main-allocator-block-size=16777216"
    "memorysetup-gfx-thread-allocator-block-size=16777216"
    "memorysetup-cache-allocator-block-size=4194304"
    "memorysetup-typetree-allocator-block-size=2097152"
    "memorysetup-profiler-bucket-allocator-granularity=16"
    "memorysetup-profiler-bucket-allocator-bucket-count=8"
    "memorysetup-profiler-bucket-allocator-block-size=33554432"
    "memorysetup-profiler-bucket-allocator-block-count=8"
    "memorysetup-profiler-allocator-block-size=16777216"
    "memorysetup-profiler-editor-allocator-block-size=1048576"
    "memorysetup-temp-allocator-size-main=16777216"
    "memorysetup-job-temp-allocator-block-size=2097152"
    "memorysetup-job-temp-allocator-block-size-background=1048576"
    "memorysetup-job-temp-allocator-reduction-small-platforms=262144"
    "memorysetup-temp-allocator-size-cloud-worker=32768"
Player connection [42148]  Target information:

Player connection [42148]  * "[IP] 192.168.0.2 [Port] 0 [Flags] 2 [Guid] 250773109 [EditorId] 250773109 [Version] 1048832 [Id] WindowsEditor(7,DESKTOP-CSBRA07) [Debug] 1 [PackageName] WindowsEditor [ProjectName] Editor" 

Player connection [42148] Host joined multi-casting on [225.0.0.222:54997]...
Player connection [42148] Host joined alternative multi-casting on [225.0.0.222:34997]...
JobSystem: Creating JobQueue using job-worker-count value 7
Input System module state changed to: Initialized.
[Physics::Module] Initialized fallback backend.
[Physics::Module] Id: 0xdecafbad
Library Redirect Path: Library/
[Physics::Module] Selected backend.
[Physics::Module] Name: PhysX
[Physics::Module] Id: 0xf2b8ea05
[Physics::Module] SDK Version: 4.1.2
[Physics::Module] Integration Version: 1.0.0
[Physics::Module] Threading Mode: Multi-Threaded
Refreshing native plugins compatible for Editor in 12.17 ms, found 7 plugins.
Preloading 1 native plugins for Editor in 1.54 ms.
Initialize engine version: 6000.3.24f1 (4e7b9b5b6244)
[Subsystems] Discovering subsystems at path C:/Program Files/Unity/Hub/Editor/6000.3.24f1/Editor/Data/Resources/UnitySubsystems
[Subsystems] Discovering subsystems at path C:/Users/Ryoga/UnityProjects/RoboconYamanashiSim/Assets
GfxDevice: creating device client; kGfxThreadingModeNonThreaded
d3d12: failed to query info queue interface (0x80004002).
Direct3D:
    Version:         Direct3D 12 [level 12.2]
    Renderer:        NVIDIA GeForce RTX 4060 (ID=0x2882)
    Vendor:          NVIDIA
    VRAM:            7957 MB
    App VRAM Budget: 7189 MB
    Driver:          32.0.15.8157
Initialize mono
Mono path[0] = 'C:/Program Files/Unity/Hub/Editor/6000.3.24f1/Editor/Data/Managed'
Mono path[1] = 'C:/Program Files/Unity/Hub/Editor/6000.3.24f1/Editor/Data/MonoBleedingEdge/lib/mono/unityjit-win32'
Mono config path = 'C:/Program Files/Unity/Hub/Editor/6000.3.24f1/Editor/Data/MonoBleedingEdge/etc'
Using monoOptions --debugger-agent=transport=dt_socket,embedding=1,server=y,suspend=n,address=127.0.0.1:56304
Begin MonoManager ReloadAssembly
Registering precompiled unity dll's ...
Register platform support module: C:/Program Files/Unity/Hub/Editor/6000.3.24f1/Editor/Data/PlaybackEngines/WindowsStandaloneSupport/UnityEditor.WindowsStandalone.Extensions.dll
Registered in 0.002321 seconds.
- Loaded All Assemblies, in  0.466 seconds
Native extension for WindowsStandalone target not found
Package Manager log level set to [2]
[Package Manager] Failed to launch server process. Reason: Unity was launched with the -noUpm command-line argument
[Package Manager] Unable to send message (not connected to server process).
[Package Manager] Cannot connect to Unity Package Manager local server
ScheduleIndexationOnStartup MainProcess:False IndexOnStartup:True
Mono: successfully reloaded assembly
- Finished resetting the current domain, in  0.406 seconds
Domain Reload Profiling: 868ms
	BeginReloadAssembly (172ms)
		ExecutionOrderSort (0ms)
		DisableScriptedObjects (0ms)
		BackupInstance (0ms)
		ReleaseScriptingObjects (0ms)
		CreateAndSetChildDomain (1ms)
	RebuildCommonClasses (39ms)
	RebuildNativeTypeToScriptingClass (12ms)
	initialDomainReloadingComplete (54ms)
	LoadAllAssembliesAndSetupDomain (184ms)
		LoadAssemblies (168ms)
		RebuildTransferFunctionScriptingTraits (0ms)
		AnalyzeDomain (181ms)
			TypeCache.Refresh (178ms)
				TypeCache.ScanAssembly (160ms)
			BuildScriptInfoCaches (0ms)
			ResolveRequiredComponents (1ms)
	FinalizeReload (406ms)
		ReleaseScriptCaches (0ms)
		RebuildScriptCaches (0ms)
		SetupLoadedEditorAssemblies (369ms)
			LogAssemblyErrors (0ms)
			InitializePlatformSupportModulesInManaged (50ms)
			SetLoadedEditorAssemblies (4ms)
			BeforeProcessingInitializeOnLoad (90ms)
			ProcessInitializeOnLoadAttributes (146ms)
			ProcessInitializeOnLoadMethodAttributes (79ms)
			AfterProcessingInitializeOnLoad (0ms)
			EditorAssembliesLoaded (0ms)
		ExecutionOrderSort2 (0ms)
		AwakeInstancesAfterBackupRestoration (0ms)
[Licensing::Client] Successfully resolved entitlement details
[Licensing::Module] License group:
  Id: 15669596257710-UnityPersXXXX
  Product: Unity Personal
  Type: Assigned
  Expiration: Unlimited
Curl error 3: URL rejected: Malformed input to a URL function
========================================================================
Worker process is ready to serve import requests
Import Worker Mode flag is 0x00
Begin MonoManager ReloadAssembly
Symbol file LoadedFromMemory is not a mono symbol file
Symbol file LoadedFromMemory is not a mono symbol file
- Loaded All Assemblies, in  1.712 seconds
Refreshing native plugins compatible for Editor in 4.86 ms, found 7 plugins.
Native extension for WindowsStandalone target not found
[Package Manager] Failed to launch server process. Reason: Unity was launched with the -noUpm command-line argument
[Package Manager] Unable to send message (not connected to server process).
[Package Manager] Cannot connect to Unity Package Manager local server
Refreshing native plugins compatible for Editor in 6.58 ms, found 7 plugins.
[Package Manager] Failed to launch server process. Reason: Unity was launched with the -noUpm command-line argument
[Package Manager] Unable to send message (not connected to server process).
[Package Manager] Cannot connect to Unity Package Manager local server
[Licensing::Client] Error: Code 404 while processing request (status: Found 0 entitlement groups and 0 free entitlements matching requested entitlement ids)
ScheduleIndexationOnStartup MainProcess:False IndexOnStartup:True
Mono: successfully reloaded assembly
- Finished resetting the current domain, in  2.014 seconds
Domain Reload Profiling: 3716ms
	BeginReloadAssembly (229ms)
		ExecutionOrderSort (0ms)
		DisableScriptedObjects (6ms)
		BackupInstance (0ms)
		ReleaseScriptingObjects (0ms)
		CreateAndSetChildDomain (31ms)
	RebuildCommonClasses (51ms)
	RebuildNativeTypeToScriptingClass (13ms)
	initialDomainReloadingComplete (96ms)
	LoadAllAssembliesAndSetupDomain (1313ms)
		LoadAssemblies (774ms)
		RebuildTransferFunctionScriptingTraits (0ms)
		AnalyzeDomain (676ms)
			TypeCache.Refresh (589ms)
				TypeCache.ScanAssembly (561ms)
			BuildScriptInfoCaches (74ms)
			ResolveRequiredComponents (5ms)
	FinalizeReload (2015ms)
		ReleaseScriptCaches (0ms)
		RebuildScriptCaches (0ms)
		SetupLoadedEditorAssemblies (1842ms)
			LogAssemblyErrors (0ms)
			InitializePlatformSupportModulesInManaged (2ms)
			SetLoadedEditorAssemblies (7ms)
			BeforeProcessingInitializeOnLoad (252ms)
			ProcessInitializeOnLoadAttributes (1199ms)
			ProcessInitializeOnLoadMethodAttributes (374ms)
			AfterProcessingInitializeOnLoad (8ms)
			EditorAssembliesLoaded (1ms)
		ExecutionOrderSort2 (0ms)
		AwakeInstancesAfterBackupRestoration (8ms)
Launched and connected shader compiler UnityShaderCompiler.exe after 0.02 seconds
Refreshing native plugins compatible for Editor in 5.80 ms, found 7 plugins.
Preloading 1 native plugins for Editor in 0.08 ms.
Unloading 43 Unused Serialized files (Serialized files now loaded: 0)
Curl error 3: URL rejected: Malformed input to a URL function
Unloading 8710 unused Assets / (20.2 MB). Loaded Objects now: 9303.
Memory consumption went from 188.1 MB to 167.9 MB.
Total: 32.011100 ms (FindLiveObjects: 1.740000 ms CreateObjectMapping: 1.957200 ms MarkObjects: 18.421900 ms  DeleteObjects: 9.889800 ms)

========================================================================
Received Import Request.
  Time since last request: 173391.754393 seconds.
  path: Assets/Editor/Field2RoughTools.cs
  artifactKey: Guid(07e7bc1b7ad05cc429fd4c410e564fe8) Importer(2089858483,b0f066a214c2f5e87bad3c948f4d605d)
Start importing Assets/Editor/Field2RoughTools.cs using Guid(07e7bc1b7ad05cc429fd4c410e564fe8) Importer(2089858483,b0f066a214c2f5e87bad3c948f4d605d) (ScriptedImporter) -> (artifact id: '8506e185698425b95340babf34c80c22') in 0.1156902 seconds
Number of updated asset objects reloaded before import = 0Number of asset objects unloaded after import = 0

========================================================================
Received Import Request.
  Time since last request: 0.000022 seconds.
  path: Assets/GeneratedGolfFields/Field2_GreenSurface_WithHole.asset
  artifactKey: Guid(a4fe8fb44197d2f44a891f537025de50) Importer(2089858483,b0f066a214c2f5e87bad3c948f4d605d)
Start importing Assets/GeneratedGolfFields/Field2_GreenSurface_WithHole.asset using Guid(a4fe8fb44197d2f44a891f537025de50) Importer(2089858483,b0f066a214c2f5e87bad3c948f4d605d) (ScriptedImporter) -> (artifact id: 'd9f1c65f0a8e23a5eb152796402d8b1a') in 0.0241294 seconds
Number of updated asset objects reloaded before import = 0Number of asset objects unloaded after import = 1

========================================================================
Received Import Request.
  Time since last request: 0.000048 seconds.
  path: Assets/GeneratedGolfFields/Field2RoundedGreen.asset
  artifactKey: Guid(325e549fd4d86334784ded8e652aeb29) Importer(2089858483,b0f066a214c2f5e87bad3c948f4d605d)
Start importing Assets/GeneratedGolfFields/Field2RoundedGreen.asset using Guid(325e549fd4d86334784ded8e652aeb29) Importer(2089858483,b0f066a214c2f5e87bad3c948f4d605d) (ScriptedImporter) -> (artifact id: 'cd18b0847dd066e621f6caeb55de8c4a') in 0.0144273 seconds
Number of updated asset objects reloaded before import = 0Number of asset objects unloaded after import = 1

========================================================================
Received Import Request.
  Time since last request: 0.000068 seconds.
  path: Assets/GeneratedGolfFields/Field2RoughCorner.asset
  artifactKey: Guid(e2cd001442b5b40418ef08f368768b41) Importer(2089858483,b0f066a214c2f5e87bad3c948f4d605d)
Start importing Assets/GeneratedGolfFields/Field2RoughCorner.asset using Guid(e2cd001442b5b40418ef08f368768b41) Importer(2089858483,b0f066a214c2f5e87bad3c948f4d605d) (ScriptedImporter) -> (artifact id: '501ab0789c511448368e24d0a781b769') in 0.0150422 seconds
Number of updated asset objects reloaded before import = 0Number of asset objects unloaded after import = 1

========================================================================
Received Import Request.
  Time since last request: 0.000090 seconds.
  path: Assets/GeneratedGolfFields/Field2_Fairway.asset
  artifactKey: Guid(64587b4de7173ac4eae88495c0416388) Importer(2089858483,b0f066a214c2f5e87bad3c948f4d605d)
Start importing Assets/GeneratedGolfFields/Field2_Fairway.asset using Guid(64587b4de7173ac4eae88495c0416388) Importer(2089858483,b0f066a214c2f5e87bad3c948f4d605d) (ScriptedImporter) -> (artifact id: '4204763f5fa83bafdba872a60ad25a65') in 0.014774 seconds
Number of updated asset objects reloaded before import = 0Number of asset objects unloaded after import = 1

========================================================================
Received Import Request.
  Time since last request: 0.000089 seconds.
  path: Assets/Screenshots/Field2.png
  artifactKey: Guid(ce1f156873b76d943bc52c4ec82d5ca3) Importer(2089858483,b0f066a214c2f5e87bad3c948f4d605d)
Start importing Assets/Screenshots/Field2.png using Guid(ce1f156873b76d943bc52c4ec82d5ca3) Importer(2089858483,b0f066a214c2f5e87bad3c948f4d605d) (ScriptedImporter) -> (artifact id: '3f6cfdfffade1f3d5063d625a85a8d5e') in 0.0648937 seconds
Number of updated asset objects reloaded before import = 0Number of asset objects unloaded after import = 1

========================================================================
Received Import Request.
  Time since last request: 0.000025 seconds.
  path: Assets/Editor/GolfFieldAuthoring.cs
  artifactKey: Guid(4085391ae6ef68346a106a84de32f10c) Importer(2089858483,b0f066a214c2f5e87bad3c948f4d605d)
Start importing Assets/Editor/GolfFieldAuthoring.cs using Guid(4085391ae6ef68346a106a84de32f10c) Importer(2089858483,b0f066a214c2f5e87bad3c948f4d605d) (ScriptedImporter) -> (artifact id: '8963ebf1c3f189eb125b4b9a126030d9') in 0.0123799 seconds
Number of updated asset objects reloaded before import = 0Number of asset objects unloaded after import = 0

========================================================================
Received Import Request.
  Time since last request: 0.000126 seconds.
  path: Assets/GeneratedGolfFields/Field1SolidGreen.asset
  artifactKey: Guid(4c676e6aef88b7e408af3cfc428f2134) Importer(2089858483,b0f066a214c2f5e87bad3c948f4d605d)
Start importing Assets/GeneratedGolfFields/Field1SolidGreen.asset using Guid(4c676e6aef88b7e408af3cfc428f2134) Importer(2089858483,b0f066a214c2f5e87bad3c948f4d605d) (ScriptedImporter) -> (artifact id: '40ec90900ec981fe70a233ede3ef4da2') in 0.0128445 seconds
Number of updated asset objects reloaded before import = 0Number of asset objects unloaded after import = 1

========================================================================
Received Import Request.
  Time since last request: 0.000061 seconds.
  path: Assets/Field1_Terrain.asset
  artifactKey: Guid(734da2dc8ea2e9141bc9956ea1339875) Importer(2089858483,b0f066a214c2f5e87bad3c948f4d605d)
Start importing Assets/Field1_Terrain.asset using Guid(734da2dc8ea2e9141bc9956ea1339875) Importer(2089858483,b0f066a214c2f5e87bad3c948f4d605d) (ScriptedImporter) -> (artifact id: '89d7f89606b037be99903ebe7ab5f3f7') in 0.0234442 seconds
Number of updated asset objects reloaded before import = 0Number of asset objects unloaded after import = 2

========================================================================
Received Import Request.
  Time since last request: 0.000022 seconds.
  path: Assets/Field2_Terrain.asset
  artifactKey: Guid(d148065aa2e1e464ba00368fef91b5b7) Importer(815301076,1909f56bfc062723c751e8b465ee728b)
Start importing Assets/Field2_Terrain.asset using Guid(d148065aa2e1e464ba00368fef91b5b7) Importer(815301076,1909f56bfc062723c751e8b465ee728b) (PreviewImporter) -> (artifact id: '4903c9e013059b7c3b21f662133e6828') in 0.0789094 seconds
Number of updated asset objects reloaded before import = 0Number of asset objects unloaded after import = 3

========================================================================
Received Import Request.
  Time since last request: 0.000020 seconds.
  path: Assets/GeneratedGolfFields/Field2Terrain.asset
  artifactKey: Guid(36c6350e08cd0534e9962f6d6c75b5f9) Importer(2089858483,b0f066a214c2f5e87bad3c948f4d605d)
Start importing Assets/GeneratedGolfFields/Field2Terrain.asset using Guid(36c6350e08cd0534e9962f6d6c75b5f9) Importer(2089858483,b0f066a214c2f5e87bad3c948f4d605d) (ScriptedImporter) -> (artifact id: '2589f717780848878e5fa2e354ac4732') in 0.0147164 seconds
Number of updated asset objects reloaded before import = 0Number of asset objects unloaded after import = 1

========================================================================
Received Import Request.
  Time since last request: 0.000023 seconds.
  path: Assets/Editor/Field2TerrainTools.cs
  artifactKey: Guid(a02296b96fc56f344bf662eb11127d66) Importer(2089858483,b0f066a214c2f5e87bad3c948f4d605d)
Start importing Assets/Editor/Field2TerrainTools.cs using Guid(a02296b96fc56f344bf662eb11127d66) Importer(2089858483,b0f066a214c2f5e87bad3c948f4d605d) (ScriptedImporter) -> (artifact id: 'ab05f704bd6d627ee10f4eb09f697362') in 0.0113211 seconds
Number of updated asset objects reloaded before import = 0Number of asset objects unloaded after import = 0

========================================================================
Received Import Request.
  Time since last request: 0.000056 seconds.
  path: Assets/Materials/MAT_Field2_RoughInnerHorizontal.mat
  artifactKey: Guid(69755b5cdedd86141851919deeef3d0c) Importer(2089858483,b0f066a214c2f5e87bad3c948f4d605d)
Start importing Assets/Materials/MAT_Field2_RoughInnerHorizontal.mat using Guid(69755b5cdedd86141851919deeef3d0c) Importer(2089858483,b0f066a214c2f5e87bad3c948f4d605d) (ScriptedImporter) -> (artifact id: '4792d6d32f208eea7b6dca89cd194387') in 0.0282078 seconds
Number of updated asset objects reloaded before import = 0Number of asset objects unloaded after import = 2

========================================================================
Received Import Request.
  Time since last request: 0.000031 seconds.
  path: Assets/Field1_Terrain.asset
  artifactKey: Guid(734da2dc8ea2e9141bc9956ea1339875) Importer(815301076,1909f56bfc062723c751e8b465ee728b)
Start importing Assets/Field1_Terrain.asset using Guid(734da2dc8ea2e9141bc9956ea1339875) Importer(815301076,1909f56bfc062723c751e8b465ee728b) (PreviewImporter) -> (artifact id: 'afe3ad3f85794e1ad1b7a480d8d49e0c') in 0.0153341 seconds
Number of updated asset objects reloaded before import = 0Number of asset objects unloaded after import = 3

========================================================================
Received Import Request.
  Time since last request: 0.000024 seconds.
  path: Assets/GeneratedGolfFields/Field2_StartArea.asset
  artifactKey: Guid(66131e5ea1d265d42a1b68957c5daad5) Importer(2089858483,b0f066a214c2f5e87bad3c948f4d605d)
Start importing Assets/GeneratedGolfFields/Field2_StartArea.asset using Guid(66131e5ea1d265d42a1b68957c5daad5) Importer(2089858483,b0f066a214c2f5e87bad3c948f4d605d) (ScriptedImporter) -> (artifact id: '32ce645924832021da4869c0d0ab1580') in 0.0153883 seconds
Number of updated asset objects reloaded before import = 0Number of asset objects unloaded after import = 1

========================================================================
Received Prepare
Begin MonoManager ReloadAssembly
Symbol file LoadedFromMemory is not a mono symbol file
Symbol file LoadedFromMemory is not a mono symbol file
- Loaded All Assemblies, in  1.384 seconds
Refreshing native plugins compatible for Editor in 4.79 ms, found 7 plugins.
Native extension for WindowsStandalone target not found
[Package Manager] Failed to launch server process. Reason: Unity was launched with the -noUpm command-line argument
[Package Manager] Unable to send message (not connected to server process).
[Package Manager] Cannot connect to Unity Package Manager local server
Refreshing native plugins compatible for Editor in 10.49 ms, found 7 plugins.
[Package Manager] Failed to launch server process. Reason: Unity was launched with the -noUpm command-line argument
[Package Manager] Unable to send message (not connected to server process).
[Package Manager] Cannot connect to Unity Package Manager local server
[Licensing::Client] Error: Code 404 while processing request (status: Found 0 entitlement groups and 0 free entitlements matching requested entitlement ids)
ScheduleIndexationOnStartup MainProcess:False IndexOnStartup:True
Mono: successfully reloaded assembly
- Finished resetting the current domain, in  1.652 seconds
Domain Reload Profiling: 3034ms
	BeginReloadAssembly (328ms)
		ExecutionOrderSort (0ms)
		DisableScriptedObjects (7ms)
		BackupInstance (0ms)
		ReleaseScriptingObjects (0ms)
		CreateAndSetChildDomain (125ms)
	RebuildCommonClasses (37ms)
	RebuildNativeTypeToScriptingClass (12ms)
	initialDomainReloadingComplete (65ms)
	LoadAllAssembliesAndSetupDomain (940ms)
		LoadAssemblies (661ms)
		RebuildTransferFunctionScriptingTraits (0ms)
		AnalyzeDomain (405ms)
			TypeCache.Refresh (12ms)
				TypeCache.ScanAssembly (0ms)
			BuildScriptInfoCaches (376ms)
			ResolveRequiredComponents (8ms)
	FinalizeReload (1653ms)
		ReleaseScriptCaches (0ms)
		RebuildScriptCaches (0ms)
		SetupLoadedEditorAssemblies (1492ms)
			LogAssemblyErrors (0ms)
			InitializePlatformSupportModulesInManaged (2ms)
			SetLoadedEditorAssemblies (6ms)
			BeforeProcessingInitializeOnLoad (243ms)
			ProcessInitializeOnLoadAttributes (876ms)
			ProcessInitializeOnLoadMethodAttributes (357ms)
			AfterProcessingInitializeOnLoad (7ms)
			EditorAssembliesLoaded (1ms)
		ExecutionOrderSort2 (0ms)
		AwakeInstancesAfterBackupRestoration (7ms)
Refreshing native plugins compatible for Editor in 5.32 ms, found 7 plugins.
Preloading 1 native plugins for Editor in 0.09 ms.
Unloading 43 Unused Serialized files (Serialized files now loaded: 0)
Unloading 8708 unused Assets / (20.1 MB). Loaded Objects now: 9311.
Memory consumption went from 189.6 MB to 169.4 MB.
Total: 27.416100 ms (FindLiveObjects: 1.141200 ms CreateObjectMapping: 1.328000 ms MarkObjects: 17.227500 ms  DeleteObjects: 7.717600 ms)

Prepare: number of updated asset objects reloaded= 0
========================================================================
Received Import Request.
  Time since last request: 163.143790 seconds.
  path: Assets/Materials/MAT_Ball_Red.mat
  artifactKey: Guid(a14e40e778c1b5f42990a48fbf7f16a5) Importer(815301076,1909f56bfc062723c751e8b465ee728b)
Start importing Assets/Materials/MAT_Ball_Red.mat using Guid(a14e40e778c1b5f42990a48fbf7f16a5) Importer(815301076,1909f56bfc062723c751e8b465ee728b) (PreviewImporter) -> (artifact id: '21b2a1b77cf898ebcc2aa72983f056eb') in 0.1074888 seconds
Number of updated asset objects reloaded before import = 0Number of asset objects unloaded after import = 1

========================================================================
Received Import Request.
  Time since last request: 0.000024 seconds.
  path: Assets/Materials/MAT_Rough_GreenFenceCover.mat
  artifactKey: Guid(2e9c61943e4d78048b42d3407ffccda5) Importer(815301076,1909f56bfc062723c751e8b465ee728b)
Start importing Assets/Materials/MAT_Rough_GreenFenceCover.mat using Guid(2e9c61943e4d78048b42d3407ffccda5) Importer(815301076,1909f56bfc062723c751e8b465ee728b) (PreviewImporter) -> (artifact id: '061c70ddd93c36f6cbe9d0d0e7aadd64') in 0.0261125 seconds
Number of updated asset objects reloaded before import = 0Number of asset objects unloaded after import = 2

========================================================================
Received Import Request.
  Time since last request: 0.000044 seconds.
  path: Assets/Materials/MAT_HoleDark.mat
  artifactKey: Guid(6ec4e7754edb9544d87c371db0edd5e1) Importer(815301076,1909f56bfc062723c751e8b465ee728b)
Start importing Assets/Materials/MAT_HoleDark.mat using Guid(6ec4e7754edb9544d87c371db0edd5e1) Importer(815301076,1909f56bfc062723c751e8b465ee728b) (PreviewImporter) -> (artifact id: 'cc27ce310f5d5944ce5c2d5c9edea8e7') in 0.0204003 seconds
Number of updated asset objects reloaded before import = 0Number of asset objects unloaded after import = 1

========================================================================
Received Import Request.
  Time since last request: 0.000025 seconds.
  path: Assets/Materials/MAT_Rough_GreenFenceCover_Vertical.mat
  artifactKey: Guid(2c7b631a710dba3449771ddaa0c7f82c) Importer(815301076,1909f56bfc062723c751e8b465ee728b)
Start importing Assets/Materials/MAT_Rough_GreenFenceCover_Vertical.mat using Guid(2c7b631a710dba3449771ddaa0c7f82c) Importer(815301076,1909f56bfc062723c751e8b465ee728b) (PreviewImporter) -> (artifact id: '88c4d8af3782018ac047df81274a222f') in 0.0234572 seconds
Number of updated asset objects reloaded before import = 0Number of asset objects unloaded after import = 2

========================================================================
Received Import Request.
  Time since last request: 0.000023 seconds.
  path: Assets/Materials/MAT_Green_Guide.mat
  artifactKey: Guid(65b6c9dfe303a7444a34913b333ace86) Importer(815301076,1909f56bfc062723c751e8b465ee728b)
Start importing Assets/Materials/MAT_Green_Guide.mat using Guid(65b6c9dfe303a7444a34913b333ace86) Importer(815301076,1909f56bfc062723c751e8b465ee728b) (PreviewImporter) -> (artifact id: 'fbd28aeaaf876fe942518362b9d234a9') in 0.0804456 seconds
Number of updated asset objects reloaded before import = 0Number of asset objects unloaded after import = 2

========================================================================
Received Import Request.
  Time since last request: 0.000021 seconds.
  path: Assets/Materials/MAT_Field2_RoughInnerVertical.mat
  artifactKey: Guid(f3258fd8efb5b2d48922c24d9ed8a5b4) Importer(815301076,1909f56bfc062723c751e8b465ee728b)
Start importing Assets/Materials/MAT_Field2_RoughInnerVertical.mat using Guid(f3258fd8efb5b2d48922c24d9ed8a5b4) Importer(815301076,1909f56bfc062723c751e8b465ee728b) (PreviewImporter) -> (artifact id: '9c153da0ef421ff8d3265d6084a7cb01') in 0.0214712 seconds
Number of updated asset objects reloaded before import = 0Number of asset objects unloaded after import = 2

========================================================================
Received Import Request.
  Time since last request: 0.000026 seconds.
  path: Assets/Materials/MAT_Field2_RoughInnerHorizontal.mat
  artifactKey: Guid(69755b5cdedd86141851919deeef3d0c) Importer(815301076,1909f56bfc062723c751e8b465ee728b)
Start importing Assets/Materials/MAT_Field2_RoughInnerHorizontal.mat using Guid(69755b5cdedd86141851919deeef3d0c) Importer(815301076,1909f56bfc062723c751e8b465ee728b) (PreviewImporter) -> (artifact id: '91ecc31bf850bf9d759b6edf72aadfd8') in 0.0244418 seconds
Number of updated asset objects reloaded before import = 0Number of asset objects unloaded after import = 2

========================================================================
Received Import Request.
  Time since last request: 0.000022 seconds.
  path: Assets/Materials/MAT_Field2_RoughCorner.mat
  artifactKey: Guid(8a2e2211c66cab645b4bc1cd008afdc4) Importer(815301076,1909f56bfc062723c751e8b465ee728b)
Start importing Assets/Materials/MAT_Field2_RoughCorner.mat using Guid(8a2e2211c66cab645b4bc1cd008afdc4) Importer(815301076,1909f56bfc062723c751e8b465ee728b) (PreviewImporter) -> (artifact id: 'ad6041a19ec9a5ba5873c4502f5e4551') in 0.0252991 seconds
Number of updated asset objects reloaded before import = 0Number of asset objects unloaded after import = 2

========================================================================
Received Import Request.
  Time since last request: 0.000024 seconds.
  path: Assets/Materials/MAT_TeeLightGreen.mat
  artifactKey: Guid(f48ff359848d0ab4d8d7feba6b1eee51) Importer(815301076,1909f56bfc062723c751e8b465ee728b)
Start importing Assets/Materials/MAT_TeeLightGreen.mat using Guid(f48ff359848d0ab4d8d7feba6b1eee51) Importer(815301076,1909f56bfc062723c751e8b465ee728b) (PreviewImporter) -> (artifact id: '8bc243e8f3f36dcc2c95e63dc7338bd2') in 0.0187032 seconds
Number of updated asset objects reloaded before import = 0Number of asset objects unloaded after import = 1

========================================================================
Received Import Request.
  Time since last request: 0.000026 seconds.
  path: Assets/Materials/MAT_Ball_Yellow.mat
  artifactKey: Guid(9b53f337e5b9e484ab45728932eab005) Importer(815301076,1909f56bfc062723c751e8b465ee728b)
Start importing Assets/Materials/MAT_Ball_Yellow.mat using Guid(9b53f337e5b9e484ab45728932eab005) Importer(815301076,1909f56bfc062723c751e8b465ee728b) (PreviewImporter) -> (artifact id: 'a2e8adbf44d88a40322c0bd5349bab29') in 0.02565 seconds
Number of updated asset objects reloaded before import = 0Number of asset objects unloaded after import = 1

========================================================================
Received Import Request.
  Time since last request: 0.000026 seconds.
  path: Assets/Materials/MAT_HoleInnerWhite.mat
  artifactKey: Guid(d94db12fea81a1e40b3235293424d981) Importer(815301076,1909f56bfc062723c751e8b465ee728b)
Start importing Assets/Materials/MAT_HoleInnerWhite.mat using Guid(d94db12fea81a1e40b3235293424d981) Importer(815301076,1909f56bfc062723c751e8b465ee728b) (PreviewImporter) -> (artifact id: '2b47a46f6404475405cf690632112311') in 0.0175932 seconds
Number of updated asset objects reloaded before import = 0Number of asset objects unloaded after import = 1

Editor requested this worker to shutdown with reason: Scaling down because of idle timeout
AssetImportWorker is now disconnected from the server
Process exiting
Exiting without the bug reporter. Application will terminate with return code 0