[Licensing::Module] Trying to connect to existing licensing client channel...
Built from '6000.3/staging' branch; Version is '6000.3.24f1 (4e7b9b5b6244) revision 5143451'; Using compiler version '194234433'; Build Type 'Release'
OS: 'Windows 11  (10.0.26200) Professional' Language: 'ja' Physical Memory: 32661 MB
[Licensing::IpcConnector] Successfully connected to: "LicenseClient-Ryoga" at "2026-09-15T14:59:01.0295242Z"
BatchMode: 1, IsHumanControllingUs: 0, StartBugReporterOnCrash: 0, Is64bit: 1
System  architecture: x64
Process architecture: x64
Date: 2026-09-15T14:59:01Z
[Licensing::Client] Code 10 while verifying Licensing Client signature (process Id: 2032, path: "C:/Program Files/Unity Hub/UnityLicensingClient_V1/Unity.Licensing.Client.exe")
[Licensing::Module] LicensingClient has failed validation; ignoring
[Licensing::Client] Handshaking with LicensingClient:
  Version:                 1.18.3+d7ffd15
  Session Id:              80fb44cac4fd4734bdb9c1b51b2c9907
  Correlation Id:          5cd4be776f5fa1073434178682ddf08a
  External correlation Id: 1462556744161140792
  Machine Id:              XTpCx8I/3MDQd1zfbb3tS/9gqlE=
[Licensing::Module] Successfully connected to LicensingClient on channel: "LicenseClient-Ryoga" (connect: 0.00s, validation: 0.00s, handshake: 0.04s)
[Licensing::IpcConnector] Successfully connected to: "LicenseClient-Ryoga-notifications" at "2026-09-15T14:59:01.075822Z"
[Licensing::Module] Licensing Background thread has ended after 0.05s

COMMAND LINE ARGUMENTS:
C:\Program Files\Unity\Hub\Editor\6000.3.24f1\Editor\Unity.exe
-adb2
-batchMode
-noUpm
-name
AssetImportWorker0
-projectPath
C:/Users/Ryoga/UnityProjects/RoboconYamanashiSim
-logFile
Logs/AssetImportWorker0.log
-srvPort
56930
-parentPid
25956
-analyticsCloudUserId
anonymous
-analyticsCloudProjectId
d5df8a1d-559c-4662-8385-623af40fbc3a
-analyticsLocalProjectId
bd4ca7cf48b1baf40ae4737a4155202a
-editorAnalyticsEnabled
1
-cbmEditorLicense
02652e5e79b1e60ead56627423232b0070d18552
-cbmMachineId
XTpCx8I/3MDQd1zfbb3tS/9gqlE=
-licensingIpc
LicenseClient-Ryoga
-job-worker-count
7
-background-job-worker-count
8
-gc-helper-count
1
-name
AssetImport
Successfully changed project path to: C:/Users/Ryoga/UnityProjects/RoboconYamanashiSim
C:/Users/Ryoga/UnityProjects/RoboconYamanashiSim
[UnityMemory] Configuration Parameters - Can be set up in boot.config
    "memorysetup-temp-allocator-size-nav-mesh-worker=65536"
    "memorysetup-temp-allocator-size-audio-worker=65536"
    "memorysetup-temp-allocator-size-gfx=262144"
    "memorysetup-allocator-temp-initial-block-size-main=262144"
    "memorysetup-allocator-temp-initial-block-size-worker=262144"
    "memorysetup-temp-allocator-size-background-worker=32768"
    "memorysetup-temp-allocator-size-job-worker=262144"
    "memorysetup-temp-allocator-size-preload-manager=33554432"
    "memorysetup-remapper-allocator-initial-capacity=32768"
    "memorysetup-temp-allocator-size-gi-baking-worker=262144"
    "memorysetup-temp-allocator-size-gi-baking-worker=262144"
    "memorysetup-temp-allocator-size-gi-baking-worker=262144"
    "memorysetup-temp-allocator-size-gi-baking-worker=262144"
    "memorysetup-temp-allocator-size-gi-baking-worker=262144"
    "memorysetup-bucket-allocator-granularity=16"
    "memorysetup-bucket-allocator-bucket-count=8"
    "memorysetup-bucket-allocator-block-size=33554432"
    "memorysetup-bucket-allocator-block-count=8"
    "memorysetup-main-allocator-block-size=16777216"
    "memorysetup-thread-allocator-block-size=16777216"
    "memorysetup-gfx-main-allocator-block-size=16777216"
    "memorysetup-gfx-thread-allocator-block-size=16777216"
    "memorysetup-cache-allocator-block-size=4194304"
    "memorysetup-typetree-allocator-block-size=2097152"
    "memorysetup-profiler-bucket-allocator-granularity=16"
    "memorysetup-profiler-bucket-allocator-bucket-count=8"
    "memorysetup-profiler-bucket-allocator-block-size=33554432"
    "memorysetup-profiler-bucket-allocator-block-count=8"
    "memorysetup-profiler-allocator-block-size=16777216"
    "memorysetup-profiler-editor-allocator-block-size=1048576"
    "memorysetup-temp-allocator-size-main=16777216"
    "memorysetup-job-temp-allocator-block-size=2097152"
    "memorysetup-job-temp-allocator-block-size-background=1048576"
    "memorysetup-job-temp-allocator-reduction-small-platforms=262144"
    "memorysetup-temp-allocator-size-cloud-worker=32768"
Player connection [49956]  Target information:

Player connection [49956]  * "[IP] 192.168.0.2 [Port] 0 [Flags] 2 [Guid] 1032527301 [EditorId] 1032527301 [Version] 1048832 [Id] WindowsEditor(7,DESKTOP-CSBRA07) [Debug] 1 [PackageName] WindowsEditor [ProjectName] Editor" 

Player connection [49956] Host joined multi-casting on [225.0.0.222:54997]...
Player connection [49956] Host joined alternative multi-casting on [225.0.0.222:34997]...
JobSystem: Creating JobQueue using job-worker-count value 7
Input System module state changed to: Initialized.
[Physics::Module] Initialized fallback backend.
[Physics::Module] Id: 0xdecafbad
Library Redirect Path: Library/
[Physics::Module] Selected backend.
[Physics::Module] Name: PhysX
[Physics::Module] Id: 0xf2b8ea05
[Physics::Module] SDK Version: 4.1.2
[Physics::Module] Integration Version: 1.0.0
[Physics::Module] Threading Mode: Multi-Threaded
Refreshing native plugins compatible for Editor in 12.95 ms, found 7 plugins.
Preloading 1 native plugins for Editor in 1.60 ms.
Initialize engine version: 6000.3.24f1 (4e7b9b5b6244)
[Subsystems] Discovering subsystems at path C:/Program Files/Unity/Hub/Editor/6000.3.24f1/Editor/Data/Resources/UnitySubsystems
[Subsystems] Discovering subsystems at path C:/Users/Ryoga/UnityProjects/RoboconYamanashiSim/Assets
GfxDevice: creating device client; kGfxThreadingModeNonThreaded
d3d12: failed to query info queue interface (0x80004002).
Direct3D:
    Version:         Direct3D 12 [level 12.2]
    Renderer:        NVIDIA GeForce RTX 4060 (ID=0x2882)
    Vendor:          NVIDIA
    VRAM:            7957 MB
    App VRAM Budget: 7189 MB
    Driver:          32.0.15.8157
Initialize mono
Mono path[0] = 'C:/Program Files/Unity/Hub/Editor/6000.3.24f1/Editor/Data/Managed'
Mono path[1] = 'C:/Program Files/Unity/Hub/Editor/6000.3.24f1/Editor/Data/MonoBleedingEdge/lib/mono/unityjit-win32'
Mono config path = 'C:/Program Files/Unity/Hub/Editor/6000.3.24f1/Editor/Data/MonoBleedingEdge/etc'
Using monoOptions --debugger-agent=transport=dt_socket,embedding=1,server=y,suspend=n,address=127.0.0.1:56236
Begin MonoManager ReloadAssembly
Registering precompiled unity dll's ...
Register platform support module: C:/Program Files/Unity/Hub/Editor/6000.3.24f1/Editor/Data/PlaybackEngines/WindowsStandaloneSupport/UnityEditor.WindowsStandalone.Extensions.dll
Registered in 0.002227 seconds.
- Loaded All Assemblies, in  0.465 seconds
Native extension for WindowsStandalone target not found
Package Manager log level set to [2]
[Package Manager] Failed to launch server process. Reason: Unity was launched with the -noUpm command-line argument
[Package Manager] Unable to send message (not connected to server process).
[Package Manager] Cannot connect to Unity Package Manager local server
ScheduleIndexationOnStartup MainProcess:False IndexOnStartup:True
Mono: successfully reloaded assembly
- Finished resetting the current domain, in  0.405 seconds
Domain Reload Profiling: 866ms
	BeginReloadAssembly (176ms)
		ExecutionOrderSort (0ms)
		DisableScriptedObjects (0ms)
		BackupInstance (0ms)
		ReleaseScriptingObjects (0ms)
		CreateAndSetChildDomain (1ms)
	RebuildCommonClasses (37ms)
	RebuildNativeTypeToScriptingClass (13ms)
	initialDomainReloadingComplete (54ms)
	LoadAllAssembliesAndSetupDomain (181ms)
		LoadAssemblies (171ms)
		RebuildTransferFunctionScriptingTraits (0ms)
		AnalyzeDomain (178ms)
			TypeCache.Refresh (175ms)
				TypeCache.ScanAssembly (157ms)
			BuildScriptInfoCaches (0ms)
			ResolveRequiredComponents (1ms)
	FinalizeReload (406ms)
		ReleaseScriptCaches (0ms)
		RebuildScriptCaches (0ms)
		SetupLoadedEditorAssemblies (366ms)
			LogAssemblyErrors (0ms)
			InitializePlatformSupportModulesInManaged (52ms)
			SetLoadedEditorAssemblies (4ms)
			BeforeProcessingInitializeOnLoad (91ms)
			ProcessInitializeOnLoadAttributes (140ms)
			ProcessInitializeOnLoadMethodAttributes (79ms)
			AfterProcessingInitializeOnLoad (0ms)
			EditorAssembliesLoaded (0ms)
		ExecutionOrderSort2 (0ms)
		AwakeInstancesAfterBackupRestoration (0ms)
[Licensing::Client] Successfully resolved entitlement details
[Licensing::Module] License group:
  Id: 15669596257710-UnityPersXXXX
  Product: Unity Personal
  Type: Assigned
  Expiration: Unlimited
Curl error 3: URL rejected: Malformed input to a URL function
========================================================================
Worker process is ready to serve import requests
Import Worker Mode flag is 0x00
Begin MonoManager ReloadAssembly
Symbol file LoadedFromMemory is not a mono symbol file
Symbol file LoadedFromMemory is not a mono symbol file
- Loaded All Assemblies, in  1.712 seconds
Refreshing native plugins compatible for Editor in 5.20 ms, found 7 plugins.
Native extension for WindowsStandalone target not found
[Package Manager] Failed to launch server process. Reason: Unity was launched with the -noUpm command-line argument
[Package Manager] Unable to send message (not connected to server process).
[Package Manager] Cannot connect to Unity Package Manager local server
Refreshing native plugins compatible for Editor in 6.43 ms, found 7 plugins.
[Package Manager] Failed to launch server process. Reason: Unity was launched with the -noUpm command-line argument
[Package Manager] Unable to send message (not connected to server process).
[Package Manager] Cannot connect to Unity Package Manager local server
[Licensing::Client] Error: Code 404 while processing request (status: Found 0 entitlement groups and 0 free entitlements matching requested entitlement ids)
ScheduleIndexationOnStartup MainProcess:False IndexOnStartup:True
Mono: successfully reloaded assembly
- Finished resetting the current domain, in  2.030 seconds
Domain Reload Profiling: 3733ms
	BeginReloadAssembly (233ms)
		ExecutionOrderSort (0ms)
		DisableScriptedObjects (6ms)
		BackupInstance (0ms)
		ReleaseScriptingObjects (0ms)
		CreateAndSetChildDomain (32ms)
	RebuildCommonClasses (48ms)
	RebuildNativeTypeToScriptingClass (17ms)
	initialDomainReloadingComplete (102ms)
	LoadAllAssembliesAndSetupDomain (1303ms)
		LoadAssemblies (778ms)
		RebuildTransferFunctionScriptingTraits (0ms)
		AnalyzeDomain (664ms)
			TypeCache.Refresh (571ms)
				TypeCache.ScanAssembly (542ms)
			BuildScriptInfoCaches (78ms)
			ResolveRequiredComponents (7ms)
	FinalizeReload (2031ms)
		ReleaseScriptCaches (0ms)
		RebuildScriptCaches (0ms)
		SetupLoadedEditorAssemblies (1862ms)
			LogAssemblyErrors (0ms)
			InitializePlatformSupportModulesInManaged (2ms)
			SetLoadedEditorAssemblies (6ms)
			BeforeProcessingInitializeOnLoad (256ms)
			ProcessInitializeOnLoadAttributes (1215ms)
			ProcessInitializeOnLoadMethodAttributes (375ms)
			AfterProcessingInitializeOnLoad (7ms)
			EditorAssembliesLoaded (1ms)
		ExecutionOrderSort2 (0ms)
		AwakeInstancesAfterBackupRestoration (8ms)
Launched and connected shader compiler UnityShaderCompiler.exe after 0.01 seconds
Refreshing native plugins compatible for Editor in 5.87 ms, found 7 plugins.
Preloading 1 native plugins for Editor in 0.09 ms.
Unloading 43 Unused Serialized files (Serialized files now loaded: 0)
Curl error 3: URL rejected: Malformed input to a URL function
Unloading 8710 unused Assets / (18.8 MB). Loaded Objects now: 9303.
Memory consumption went from 188.0 MB to 169.2 MB.
Total: 36.629100 ms (FindLiveObjects: 1.824900 ms CreateObjectMapping: 1.863600 ms MarkObjects: 23.707000 ms  DeleteObjects: 9.232300 ms)

========================================================================
Received Import Request.
  Time since last request: 173391.759413 seconds.
  path: Assets/Scenes/Field1_Backup.unity
  artifactKey: Guid(27c59838aeb3d88489f064d939c15808) Importer(2089858483,b0f066a214c2f5e87bad3c948f4d605d)
Start importing Assets/Scenes/Field1_Backup.unity using Guid(27c59838aeb3d88489f064d939c15808) Importer(2089858483,b0f066a214c2f5e87bad3c948f4d605d) (ScriptedImporter) -> (artifact id: 'cc1c41a795d62d387a8e69186d16b377') in 0.131619 seconds
Number of updated asset objects reloaded before import = 0Number of asset objects unloaded after import = 1

========================================================================
Received Import Request.
  Time since last request: 0.000024 seconds.
  path: Assets/Editor/Field2GreenTools.cs
  artifactKey: Guid(07ae344f07117e94c973c252e9cffc02) Importer(2089858483,b0f066a214c2f5e87bad3c948f4d605d)
Start importing Assets/Editor/Field2GreenTools.cs using Guid(07ae344f07117e94c973c252e9cffc02) Importer(2089858483,b0f066a214c2f5e87bad3c948f4d605d) (ScriptedImporter) -> (artifact id: '659d49ef6de65c02efdd650be903e5ba') in 0.0487709 seconds
Number of updated asset objects reloaded before import = 0Number of asset objects unloaded after import = 0

========================================================================
Received Import Request.
  Time since last request: 0.000096 seconds.
  path: Assets/Scenes/Field1.unity
  artifactKey: Guid(99fcbfb09650d60408dda6bb9f5115ed) Importer(2089858483,b0f066a214c2f5e87bad3c948f4d605d)
Start importing Assets/Scenes/Field1.unity using Guid(99fcbfb09650d60408dda6bb9f5115ed) Importer(2089858483,b0f066a214c2f5e87bad3c948f4d605d) (ScriptedImporter) -> (artifact id: 'a4fdde3608b8e69dab8e6860d345369a') in 0.0741512 seconds
Number of updated asset objects reloaded before import = 0Number of asset objects unloaded after import = 1

========================================================================
Received Import Request.
  Time since last request: 0.000108 seconds.
  path: Assets/GeneratedGolfFields/Fairway.mat
  artifactKey: Guid(129f66ab1e6eeed4da2630b21f54f5c0) Importer(2089858483,b0f066a214c2f5e87bad3c948f4d605d)
Start importing Assets/GeneratedGolfFields/Fairway.mat using Guid(129f66ab1e6eeed4da2630b21f54f5c0) Importer(2089858483,b0f066a214c2f5e87bad3c948f4d605d) (ScriptedImporter) -> (artifact id: '789f54ac2319271585c3ca0542d00b06') in 0.0392762 seconds
Number of updated asset objects reloaded before import = 0Number of asset objects unloaded after import = 1

========================================================================
Received Import Request.
  Time since last request: 0.000069 seconds.
  path: Assets/Screenshots
  artifactKey: Guid(8cf92d908b5556f43b414bc02a1ca8a0) Importer(2089858483,b0f066a214c2f5e87bad3c948f4d605d)
Start importing Assets/Screenshots using Guid(8cf92d908b5556f43b414bc02a1ca8a0) Importer(2089858483,b0f066a214c2f5e87bad3c948f4d605d) (ScriptedImporter) -> (artifact id: '4146dfe7551af95bc20962fb1cb14532') in 0.0122265 seconds
Number of updated asset objects reloaded before import = 0Number of asset objects unloaded after import = 1

========================================================================
Received Import Request.
  Time since last request: 0.000074 seconds.
  path: Assets/Scripts/MovableGolfHole.cs
  artifactKey: Guid(ed3102e2f63957c43a99f1581d32e7ed) Importer(2089858483,b0f066a214c2f5e87bad3c948f4d605d)
Start importing Assets/Scripts/MovableGolfHole.cs using Guid(ed3102e2f63957c43a99f1581d32e7ed) Importer(2089858483,b0f066a214c2f5e87bad3c948f4d605d) (ScriptedImporter) -> (artifact id: 'bb7d905f6eb408aa44edebdd4c2dd9bb') in 0.0130244 seconds
Number of updated asset objects reloaded before import = 0Number of asset objects unloaded after import = 0

========================================================================
Received Import Request.
  Time since last request: 0.000098 seconds.
  path: Assets/Materials/MAT_Field2_RoughCorner.mat
  artifactKey: Guid(8a2e2211c66cab645b4bc1cd008afdc4) Importer(2089858483,b0f066a214c2f5e87bad3c948f4d605d)
Start importing Assets/Materials/MAT_Field2_RoughCorner.mat using Guid(8a2e2211c66cab645b4bc1cd008afdc4) Importer(2089858483,b0f066a214c2f5e87bad3c948f4d605d) (ScriptedImporter) -> (artifact id: '453192e8fdb66832a113bc10fbfb79f4') in 0.0171369 seconds
Number of updated asset objects reloaded before import = 0Number of asset objects unloaded after import = 2

========================================================================
Received Import Request.
  Time since last request: 0.000023 seconds.
  path: Assets/Field2_Terrain.asset
  artifactKey: Guid(d148065aa2e1e464ba00368fef91b5b7) Importer(2089858483,b0f066a214c2f5e87bad3c948f4d605d)
Start importing Assets/Field2_Terrain.asset using Guid(d148065aa2e1e464ba00368fef91b5b7) Importer(2089858483,b0f066a214c2f5e87bad3c948f4d605d) (ScriptedImporter) -> (artifact id: '4a0be43baaf44556efa9b39507ec6cde') in 0.0301497 seconds
Number of updated asset objects reloaded before import = 0Number of asset objects unloaded after import = 2

========================================================================
Received Import Request.
  Time since last request: 0.000028 seconds.
  path: Assets/Editor/MovableGolfHolePersistence.cs
  artifactKey: Guid(09d569b7c7caa404791548779fa2baf6) Importer(2089858483,b0f066a214c2f5e87bad3c948f4d605d)
Start importing Assets/Editor/MovableGolfHolePersistence.cs using Guid(09d569b7c7caa404791548779fa2baf6) Importer(2089858483,b0f066a214c2f5e87bad3c948f4d605d) (ScriptedImporter) -> (artifact id: '52f82e6675355d52c70f26ed98c3fbdc') in 0.0124065 seconds
Number of updated asset objects reloaded before import = 0Number of asset objects unloaded after import = 0

========================================================================
Received Import Request.
  Time since last request: 0.000129 seconds.
  path: Assets/GeneratedGolfFields/Field2_Rough.asset
  artifactKey: Guid(96eb86b15a69e37478f6d847513705b7) Importer(2089858483,b0f066a214c2f5e87bad3c948f4d605d)
Start importing Assets/GeneratedGolfFields/Field2_Rough.asset using Guid(96eb86b15a69e37478f6d847513705b7) Importer(2089858483,b0f066a214c2f5e87bad3c948f4d605d) (ScriptedImporter) -> (artifact id: '5ade292310d1217f3bae0a67ec616270') in 0.0128077 seconds
Number of updated asset objects reloaded before import = 0Number of asset objects unloaded after import = 1

========================================================================
Received Import Request.
  Time since last request: 0.000056 seconds.
  path: Assets/GeneratedGolfFields/Start.mat
  artifactKey: Guid(a975782d8d743364b85f7ca2a97df671) Importer(2089858483,b0f066a214c2f5e87bad3c948f4d605d)
Start importing Assets/GeneratedGolfFields/Start.mat using Guid(a975782d8d743364b85f7ca2a97df671) Importer(2089858483,b0f066a214c2f5e87bad3c948f4d605d) (ScriptedImporter) -> (artifact id: '0d4b5a7663ac24c75b2dc47a501675b4') in 0.0130999 seconds
Number of updated asset objects reloaded before import = 0Number of asset objects unloaded after import = 1

========================================================================
Received Import Request.
  Time since last request: 0.000023 seconds.
  path: Assets/GeneratedGolfFields/Rough.mat
  artifactKey: Guid(a4ab8cc8a0f34ce4c9bcc2696b719385) Importer(2089858483,b0f066a214c2f5e87bad3c948f4d605d)
Start importing Assets/GeneratedGolfFields/Rough.mat using Guid(a4ab8cc8a0f34ce4c9bcc2696b719385) Importer(2089858483,b0f066a214c2f5e87bad3c948f4d605d) (ScriptedImporter) -> (artifact id: '777679a2d40bcb470e86c79e4f23df0c') in 0.0142219 seconds
Number of updated asset objects reloaded before import = 0Number of asset objects unloaded after import = 1

========================================================================
Received Import Request.
  Time since last request: 0.000064 seconds.
  path: Assets/GeneratedGolfFields/Field2_TeeGround.asset
  artifactKey: Guid(b29f95ade845c184ba8f0b85e4ef2261) Importer(2089858483,b0f066a214c2f5e87bad3c948f4d605d)
Start importing Assets/GeneratedGolfFields/Field2_TeeGround.asset using Guid(b29f95ade845c184ba8f0b85e4ef2261) Importer(2089858483,b0f066a214c2f5e87bad3c948f4d605d) (ScriptedImporter) -> (artifact id: '06969ddb225b425a2b38feb55de468a2') in 0.012093 seconds
Number of updated asset objects reloaded before import = 0Number of asset objects unloaded after import = 1

========================================================================
Received Import Request.
  Time since last request: 0.000018 seconds.
  path: Assets/GeneratedGolfFields/Green.mat
  artifactKey: Guid(7857bd8dd5a73f64e81fca250b18f032) Importer(2089858483,b0f066a214c2f5e87bad3c948f4d605d)
Start importing Assets/GeneratedGolfFields/Green.mat using Guid(7857bd8dd5a73f64e81fca250b18f032) Importer(2089858483,b0f066a214c2f5e87bad3c948f4d605d) (ScriptedImporter) -> (artifact id: 'a1703b62aa615f3af0f6f04fa45b8e7b') in 0.0154112 seconds
Number of updated asset objects reloaded before import = 0Number of asset objects unloaded after import = 1

========================================================================
Received Import Request.
  Time since last request: 0.000094 seconds.
  path: Assets/GeneratedGolfFields
  artifactKey: Guid(d6bd18448cf5fba41a453470f6ee5b5b) Importer(2089858483,b0f066a214c2f5e87bad3c948f4d605d)
Start importing Assets/GeneratedGolfFields using Guid(d6bd18448cf5fba41a453470f6ee5b5b) Importer(2089858483,b0f066a214c2f5e87bad3c948f4d605d) (ScriptedImporter) -> (artifact id: 'c54dfd8bb6a1596e58c0ed3482493cc8') in 0.011393 seconds
Number of updated asset objects reloaded before import = 0Number of asset objects unloaded after import = 1

========================================================================
Received Import Request.
  Time since last request: 0.000056 seconds.
  path: Assets/Materials/MAT_Field2_RoughInnerVertical.mat
  artifactKey: Guid(f3258fd8efb5b2d48922c24d9ed8a5b4) Importer(2089858483,b0f066a214c2f5e87bad3c948f4d605d)
Start importing Assets/Materials/MAT_Field2_RoughInnerVertical.mat using Guid(f3258fd8efb5b2d48922c24d9ed8a5b4) Importer(2089858483,b0f066a214c2f5e87bad3c948f4d605d) (ScriptedImporter) -> (artifact id: '5275b24b8263b3b0236e4b0517a8f9f9') in 0.016736 seconds
Number of updated asset objects reloaded before import = 0Number of asset objects unloaded after import = 2

========================================================================
Received Prepare
Begin MonoManager ReloadAssembly
Symbol file LoadedFromMemory is not a mono symbol file
Symbol file LoadedFromMemory is not a mono symbol file
- Loaded All Assemblies, in  1.360 seconds
Refreshing native plugins compatible for Editor in 5.05 ms, found 7 plugins.
Native extension for WindowsStandalone target not found
[Package Manager] Failed to launch server process. Reason: Unity was launched with the -noUpm command-line argument
[Package Manager] Unable to send message (not connected to server process).
[Package Manager] Cannot connect to Unity Package Manager local server
Refreshing native plugins compatible for Editor in 6.28 ms, found 7 plugins.
[Package Manager] Failed to launch server process. Reason: Unity was launched with the -noUpm command-line argument
[Package Manager] Unable to send message (not connected to server process).
[Package Manager] Cannot connect to Unity Package Manager local server
[Licensing::Client] Error: Code 404 while processing request (status: Found 0 entitlement groups and 0 free entitlements matching requested entitlement ids)
ScheduleIndexationOnStartup MainProcess:False IndexOnStartup:True
Mono: successfully reloaded assembly
- Finished resetting the current domain, in  1.649 seconds
Domain Reload Profiling: 3005ms
	BeginReloadAssembly (325ms)
		ExecutionOrderSort (0ms)
		DisableScriptedObjects (6ms)
		BackupInstance (0ms)
		ReleaseScriptingObjects (0ms)
		CreateAndSetChildDomain (123ms)
	RebuildCommonClasses (36ms)
	RebuildNativeTypeToScriptingClass (12ms)
	initialDomainReloadingComplete (66ms)
	LoadAllAssembliesAndSetupDomain (916ms)
		LoadAssemblies (647ms)
		RebuildTransferFunctionScriptingTraits (0ms)
		AnalyzeDomain (387ms)
			TypeCache.Refresh (12ms)
				TypeCache.ScanAssembly (0ms)
			BuildScriptInfoCaches (362ms)
			ResolveRequiredComponents (6ms)
	FinalizeReload (1650ms)
		ReleaseScriptCaches (0ms)
		RebuildScriptCaches (0ms)
		SetupLoadedEditorAssemblies (1502ms)
			LogAssemblyErrors (0ms)
			InitializePlatformSupportModulesInManaged (2ms)
			SetLoadedEditorAssemblies (5ms)
			BeforeProcessingInitializeOnLoad (255ms)
			ProcessInitializeOnLoadAttributes (868ms)
			ProcessInitializeOnLoadMethodAttributes (363ms)
			AfterProcessingInitializeOnLoad (8ms)
			EditorAssembliesLoaded (1ms)
		ExecutionOrderSort2 (0ms)
		AwakeInstancesAfterBackupRestoration (7ms)
Refreshing native plugins compatible for Editor in 5.11 ms, found 7 plugins.
Preloading 1 native plugins for Editor in 0.09 ms.
Unloading 43 Unused Serialized files (Serialized files now loaded: 0)
Unloading 8708 unused Assets / (19.8 MB). Loaded Objects now: 9308.
Memory consumption went from 189.2 MB to 169.4 MB.
Total: 26.584500 ms (FindLiveObjects: 0.852800 ms CreateObjectMapping: 0.891600 ms MarkObjects: 16.808000 ms  DeleteObjects: 8.030900 ms)

Prepare: number of updated asset objects reloaded= 0
========================================================================
Received Import Request.
  Time since last request: 163.063069 seconds.
  path: Assets/Materials
  artifactKey: Guid(dd64fc5c32141004bba60e74f33f76a7) Importer(815301076,1909f56bfc062723c751e8b465ee728b)
Start importing Assets/Materials using Guid(dd64fc5c32141004bba60e74f33f76a7) Importer(815301076,1909f56bfc062723c751e8b465ee728b) (PreviewImporter) -> (artifact id: '717c41502ac1f3028ea8fb8090c033b5') in 0.0017844 seconds
Number of updated asset objects reloaded before import = 0Number of asset objects unloaded after import = 0

========================================================================
Received Import Request.
  Time since last request: 0.058784 seconds.
  path: Assets/Materials/MAT_Ball_Blue.mat
  artifactKey: Guid(cff7ae1a77ca0604cb5d4b0005da76d4) Importer(815301076,1909f56bfc062723c751e8b465ee728b)
Start importing Assets/Materials/MAT_Ball_Blue.mat using Guid(cff7ae1a77ca0604cb5d4b0005da76d4) Importer(815301076,1909f56bfc062723c751e8b465ee728b) (PreviewImporter) -> (artifact id: '60b8c12fe828ba6e8560dcf8f7da18ea') in 0.1085193 seconds
Number of updated asset objects reloaded before import = 0Number of asset objects unloaded after import = 1

========================================================================
Received Import Request.
  Time since last request: 0.000028 seconds.
  path: Assets/Materials/MAT_FlagRed_ABS.mat
  artifactKey: Guid(c4e6aa23841fbab4fb222eef94a12a39) Importer(815301076,1909f56bfc062723c751e8b465ee728b)
Start importing Assets/Materials/MAT_FlagRed_ABS.mat using Guid(c4e6aa23841fbab4fb222eef94a12a39) Importer(815301076,1909f56bfc062723c751e8b465ee728b) (PreviewImporter) -> (artifact id: '2360f2a6829107af2b0da73a6a3403a7') in 0.0265176 seconds
Number of updated asset objects reloaded before import = 0Number of asset objects unloaded after import = 1

========================================================================
Received Import Request.
  Time since last request: 0.000031 seconds.
  path: Assets/Materials/MAT_FieldGreen.mat
  artifactKey: Guid(b2c5fc5af688d984a9ebc9341f59de80) Importer(815301076,1909f56bfc062723c751e8b465ee728b)
Start importing Assets/Materials/MAT_FieldGreen.mat using Guid(b2c5fc5af688d984a9ebc9341f59de80) Importer(815301076,1909f56bfc062723c751e8b465ee728b) (PreviewImporter) -> (artifact id: '2e618e2ab7958df2e17f85c10268e1bb') in 0.0266236 seconds
Number of updated asset objects reloaded before import = 0Number of asset objects unloaded after import = 2

========================================================================
Received Import Request.
  Time since last request: 0.000033 seconds.
  path: Assets/Materials/MAT_BeaconRed.mat
  artifactKey: Guid(a76045c462b5ef242b0fe3fc98d4b6c3) Importer(815301076,1909f56bfc062723c751e8b465ee728b)
Start importing Assets/Materials/MAT_BeaconRed.mat using Guid(a76045c462b5ef242b0fe3fc98d4b6c3) Importer(815301076,1909f56bfc062723c751e8b465ee728b) (PreviewImporter) -> (artifact id: '80df7d27939fefa7f05ce13819075179') in 0.0228012 seconds
Number of updated asset objects reloaded before import = 0Number of asset objects unloaded after import = 1

========================================================================
Received Import Request.
  Time since last request: 0.000024 seconds.
  path: Assets/Materials/MAT_BunkerSand.mat
  artifactKey: Guid(8104158a4120f364e8b1a26b5308eec9) Importer(815301076,1909f56bfc062723c751e8b465ee728b)
Start importing Assets/Materials/MAT_BunkerSand.mat using Guid(8104158a4120f364e8b1a26b5308eec9) Importer(815301076,1909f56bfc062723c751e8b465ee728b) (PreviewImporter) -> (artifact id: '0b2783ae2948d57042efb976284608ab') in 0.0194216 seconds
Number of updated asset objects reloaded before import = 0Number of asset objects unloaded after import = 1

========================================================================
Received Import Request.
  Time since last request: 0.000021 seconds.
  path: Assets/Materials/MAT_UrethaneFoam.mat
  artifactKey: Guid(769f4eaef6dee1a45ab2322809f72e76) Importer(815301076,1909f56bfc062723c751e8b465ee728b)
Start importing Assets/Materials/MAT_UrethaneFoam.mat using Guid(769f4eaef6dee1a45ab2322809f72e76) Importer(815301076,1909f56bfc062723c751e8b465ee728b) (PreviewImporter) -> (artifact id: '80463d2c23e614b06b4a33a6ae674e3a') in 0.0196361 seconds
Number of updated asset objects reloaded before import = 0Number of asset objects unloaded after import = 1

========================================================================
Received Import Request.
  Time since last request: 0.000022 seconds.
  path: Assets/Materials/MAT_ColorTileCarpet.mat
  artifactKey: Guid(aea703005f33cb646a07d7e069b91dcc) Importer(815301076,1909f56bfc062723c751e8b465ee728b)
Start importing Assets/Materials/MAT_ColorTileCarpet.mat using Guid(aea703005f33cb646a07d7e069b91dcc) Importer(815301076,1909f56bfc062723c751e8b465ee728b) (PreviewImporter) -> (artifact id: '9fca7c56ee1f05ce152b79011bd29e92') in 0.0203994 seconds
Number of updated asset objects reloaded before import = 0Number of asset objects unloaded after import = 2

========================================================================
Received Import Request.
  Time since last request: 0.000023 seconds.
  path: Assets/Materials/MAT_StartYellow.mat
  artifactKey: Guid(8a632183fbb2c174eaf030f2cf6048d3) Importer(815301076,1909f56bfc062723c751e8b465ee728b)
Start importing Assets/Materials/MAT_StartYellow.mat using Guid(8a632183fbb2c174eaf030f2cf6048d3) Importer(815301076,1909f56bfc062723c751e8b465ee728b) (PreviewImporter) -> (artifact id: '0626c6735cae457ee89afcb2c9de0858') in 0.0183534 seconds
Number of updated asset objects reloaded before import = 0Number of asset objects unloaded after import = 1

========================================================================
Received Import Request.
  Time since last request: 0.000021 seconds.
  path: Assets/Materials/MAT_Bunker02_Guide.mat
  artifactKey: Guid(39dbd76b5adb5274fbc39fa25e2cd655) Importer(815301076,1909f56bfc062723c751e8b465ee728b)
Start importing Assets/Materials/MAT_Bunker02_Guide.mat using Guid(39dbd76b5adb5274fbc39fa25e2cd655) Importer(815301076,1909f56bfc062723c751e8b465ee728b) (PreviewImporter) -> (artifact id: '9de4148b5394915430f3f268fe80afea') in 0.0730486 seconds
Number of updated asset objects reloaded before import = 0Number of asset objects unloaded after import = 2

========================================================================
Received Import Request.
  Time since last request: 0.000032 seconds.
  path: Assets/Materials/MAT_BunkerGuide.mat
  artifactKey: Guid(5fa1e80b98c214d41afb2e2b4d7ef1bb) Importer(815301076,1909f56bfc062723c751e8b465ee728b)
Start importing Assets/Materials/MAT_BunkerGuide.mat using Guid(5fa1e80b98c214d41afb2e2b4d7ef1bb) Importer(815301076,1909f56bfc062723c751e8b465ee728b) (PreviewImporter) -> (artifact id: 'b7ff4dc3e7152fb3e99ebe768191cc67') in 0.0245552 seconds
Number of updated asset objects reloaded before import = 0Number of asset objects unloaded after import = 1

========================================================================
Received Import Request.
  Time since last request: 0.000025 seconds.
  path: Assets/Materials/MAT_Bunker01_Guide.mat
  artifactKey: Guid(c6f2cc295a9a4a1418d8b7b9f342db54) Importer(815301076,1909f56bfc062723c751e8b465ee728b)
Start importing Assets/Materials/MAT_Bunker01_Guide.mat using Guid(c6f2cc295a9a4a1418d8b7b9f342db54) Importer(815301076,1909f56bfc062723c751e8b465ee728b) (PreviewImporter) -> (artifact id: '76945267778a1759fcad0f18cbd70053') in 0.0343235 seconds
Number of updated asset objects reloaded before import = 0Number of asset objects unloaded after import = 2

========================================================================
Received Prepare
Begin MonoManager ReloadAssembly
[Licensing::Client] Successfully resolved entitlement details
Symbol file LoadedFromMemory is not a mono symbol file
Symbol file LoadedFromMemory is not a mono symbol file
- Loaded All Assemblies, in  1.241 seconds
Refreshing native plugins compatible for Editor in 5.51 ms, found 7 plugins.
Native extension for WindowsStandalone target not found
[Package Manager] Failed to launch server process. Reason: Unity was launched with the -noUpm command-line argument
[Package Manager] Unable to send message (not connected to server process).
[Package Manager] Cannot connect to Unity Package Manager local server
Refreshing native plugins compatible for Editor in 5.67 ms, found 7 plugins.
[Package Manager] Failed to launch server process. Reason: Unity was launched with the -noUpm command-line argument
[Package Manager] Unable to send message (not connected to server process).
[Package Manager] Cannot connect to Unity Package Manager local server
[Licensing::Client] Error: Code 404 while processing request (status: Found 0 entitlement groups and 0 free entitlements matching requested entitlement ids)
ScheduleIndexationOnStartup MainProcess:False IndexOnStartup:True
Mono: successfully reloaded assembly
- Finished resetting the current domain, in  1.530 seconds
Domain Reload Profiling: 2767ms
	BeginReloadAssembly (278ms)
		ExecutionOrderSort (0ms)
		DisableScriptedObjects (6ms)
		BackupInstance (0ms)
		ReleaseScriptingObjects (0ms)
		CreateAndSetChildDomain (102ms)
	RebuildCommonClasses (35ms)
	RebuildNativeTypeToScriptingClass (12ms)
	initialDomainReloadingComplete (67ms)
	LoadAllAssembliesAndSetupDomain (845ms)
		LoadAssemblies (578ms)
		RebuildTransferFunctionScriptingTraits (0ms)
		AnalyzeDomain (368ms)
			TypeCache.Refresh (9ms)
				TypeCache.ScanAssembly (0ms)
			BuildScriptInfoCaches (347ms)
			ResolveRequiredComponents (6ms)
	FinalizeReload (1531ms)
		ReleaseScriptCaches (0ms)
		RebuildScriptCaches (0ms)
		SetupLoadedEditorAssemblies (1389ms)
			LogAssemblyErrors (0ms)
			InitializePlatformSupportModulesInManaged (2ms)
			SetLoadedEditorAssemblies (6ms)
			BeforeProcessingInitializeOnLoad (223ms)
			ProcessInitializeOnLoadAttributes (813ms)
			ProcessInitializeOnLoadMethodAttributes (334ms)
			AfterProcessingInitializeOnLoad (11ms)
			EditorAssembliesLoaded (1ms)
		ExecutionOrderSort2 (0ms)
		AwakeInstancesAfterBackupRestoration (7ms)
Refreshing native plugins compatible for Editor in 5.62 ms, found 7 plugins.
Preloading 1 native plugins for Editor in 0.08 ms.
Unloading 43 Unused Serialized files (Serialized files now loaded: 0)
Unloading 8708 unused Assets / (18.4 MB). Loaded Objects now: 9352.
Memory consumption went from 189.9 MB to 171.5 MB.
Total: 25.813300 ms (FindLiveObjects: 1.204200 ms CreateObjectMapping: 0.950800 ms MarkObjects: 16.821400 ms  DeleteObjects: 6.835500 ms)

Prepare: number of updated asset objects reloaded= 0
========================================================================
Received Import Request.
  Time since last request: 328.351708 seconds.
  path: Assets/Scenes/Field1_Backup.unity
  artifactKey: Guid(27c59838aeb3d88489f064d939c15808) Importer(815301076,1909f56bfc062723c751e8b465ee728b)
Start importing Assets/Scenes/Field1_Backup.unity using Guid(27c59838aeb3d88489f064d939c15808) Importer(815301076,1909f56bfc062723c751e8b465ee728b) (PreviewImporter) -> (artifact id: '39852c9da36a06e5bcb19e757423ebc6') in 0.0019375 seconds
Number of updated asset objects reloaded before import = 0Number of asset objects unloaded after import = 0

========================================================================
Received Import Request.
  Time since last request: 7.833977 seconds.
  path: Assets/Scenes/Field1.unity
  artifactKey: Guid(99fcbfb09650d60408dda6bb9f5115ed) Importer(815301076,1909f56bfc062723c751e8b465ee728b)
Start importing Assets/Scenes/Field1.unity using Guid(99fcbfb09650d60408dda6bb9f5115ed) Importer(815301076,1909f56bfc062723c751e8b465ee728b) (PreviewImporter) -> (artifact id: '6fe2dbfe7b097922fdbaa4afd2918af0') in 0.0005566 seconds
Number of updated asset objects reloaded before import = 0Number of asset objects unloaded after import = 0

========================================================================
Received Import Request.
  Time since last request: 23.237686 seconds.
  path: Assets/Scenes/Field1.unity
  artifactKey: Guid(99fcbfb09650d60408dda6bb9f5115ed) Importer(815301076,1909f56bfc062723c751e8b465ee728b)
Start importing Assets/Scenes/Field1.unity using Guid(99fcbfb09650d60408dda6bb9f5115ed) Importer(815301076,1909f56bfc062723c751e8b465ee728b) (PreviewImporter) -> (artifact id: '8019f9000fd2a844005a4cf691963774') in 0.0005164 seconds
Number of updated asset objects reloaded before import = 0Number of asset objects unloaded after import = 0

========================================================================
Received Import Request.
  Time since last request: 2.131267 seconds.
  path: Assets/Scenes/Field2.unity
  artifactKey: Guid(77e7d7fd9ccdcb8479670e6fb72fa73a) Importer(815301076,1909f56bfc062723c751e8b465ee728b)
Start importing Assets/Scenes/Field2.unity using Guid(77e7d7fd9ccdcb8479670e6fb72fa73a) Importer(815301076,1909f56bfc062723c751e8b465ee728b) (PreviewImporter) -> (artifact id: '327be696d3284cf5d3253db2b7b9c62a') in 0.0005711 seconds
Number of updated asset objects reloaded before import = 0Number of asset objects unloaded after import = 0

========================================================================
Received Import Request.
  Time since last request: 227.718838 seconds.
  path: Assets/Editor
  artifactKey: Guid(ff6a6eb6d629af74dadc169d65869e5f) Importer(815301076,1909f56bfc062723c751e8b465ee728b)
Start importing Assets/Editor using Guid(ff6a6eb6d629af74dadc169d65869e5f) Importer(815301076,1909f56bfc062723c751e8b465ee728b) (PreviewImporter) -> (artifact id: '53151f27c39e5edf69d9dbeedbd4fc4b') in 0.0006505 seconds
Number of updated asset objects reloaded before import = 0Number of asset objects unloaded after import = 0

========================================================================
Received Import Request.
  Time since last request: 2.692675 seconds.
  path: Assets/Editor/UrdfFbxConverter.cs
  artifactKey: Guid(7a69973eddfabdd4e933c7f2ee5c1db2) Importer(815301076,1909f56bfc062723c751e8b465ee728b)
Start importing Assets/Editor/UrdfFbxConverter.cs using Guid(7a69973eddfabdd4e933c7f2ee5c1db2) Importer(815301076,1909f56bfc062723c751e8b465ee728b) (PreviewImporter) -> (artifact id: 'a53964bfec4180648085d739d3466bf1') in 0.000685 seconds
Number of updated asset objects reloaded before import = 0Number of asset objects unloaded after import = 0

========================================================================
Received Import Request.
  Time since last request: 4.347987 seconds.
  path: Assets/GeneratedGolfFields
  artifactKey: Guid(d6bd18448cf5fba41a453470f6ee5b5b) Importer(815301076,1909f56bfc062723c751e8b465ee728b)
Start importing Assets/GeneratedGolfFields using Guid(d6bd18448cf5fba41a453470f6ee5b5b) Importer(815301076,1909f56bfc062723c751e8b465ee728b) (PreviewImporter) -> (artifact id: '5e210be39265b9d9213a6b4115b21052') in 0.0006857 seconds
Number of updated asset objects reloaded before import = 0Number of asset objects unloaded after import = 0

========================================================================
Received Import Request.
  Time since last request: 0.069701 seconds.
  path: Assets/GeneratedGolfFields/Fairway.mat
  artifactKey: Guid(129f66ab1e6eeed4da2630b21f54f5c0) Importer(815301076,1909f56bfc062723c751e8b465ee728b)
Start importing Assets/GeneratedGolfFields/Fairway.mat using Guid(129f66ab1e6eeed4da2630b21f54f5c0) Importer(815301076,1909f56bfc062723c751e8b465ee728b) (PreviewImporter) -> (artifact id: '520a703580873e257d14f7d6fdc76e5c') in 0.0900969 seconds
Number of updated asset objects reloaded before import = 0Number of asset objects unloaded after import = 1

========================================================================
Received Import Request.
  Time since last request: 0.000022 seconds.
  path: Assets/GeneratedGolfFields/Field2_Fairway.asset
  artifactKey: Guid(64587b4de7173ac4eae88495c0416388) Importer(815301076,1909f56bfc062723c751e8b465ee728b)
Start importing Assets/GeneratedGolfFields/Field2_Fairway.asset using Guid(64587b4de7173ac4eae88495c0416388) Importer(815301076,1909f56bfc062723c751e8b465ee728b) (PreviewImporter) -> (artifact id: 'e5ec1ba564fa9b26feba3461a85c2192') in 0.0557489 seconds
Number of updated asset objects reloaded before import = 0Number of asset objects unloaded after import = 2

========================================================================
Received Import Request.
  Time since last request: 0.000033 seconds.
  path: Assets/GeneratedGolfFields/Field2_TeeGround.asset
  artifactKey: Guid(b29f95ade845c184ba8f0b85e4ef2261) Importer(815301076,1909f56bfc062723c751e8b465ee728b)
Start importing Assets/GeneratedGolfFields/Field2_TeeGround.asset using Guid(b29f95ade845c184ba8f0b85e4ef2261) Importer(815301076,1909f56bfc062723c751e8b465ee728b) (PreviewImporter) -> (artifact id: '76257b44c18281c7660809723780b633') in 0.0181063 seconds
Number of updated asset objects reloaded before import = 0Number of asset objects unloaded after import = 2

========================================================================
Received Import Request.
  Time since last request: 0.000031 seconds.
  path: Assets/GeneratedGolfFields/Field2Terrain.asset
  artifactKey: Guid(36c6350e08cd0534e9962f6d6c75b5f9) Importer(815301076,1909f56bfc062723c751e8b465ee728b)
Start importing Assets/GeneratedGolfFields/Field2Terrain.asset using Guid(36c6350e08cd0534e9962f6d6c75b5f9) Importer(815301076,1909f56bfc062723c751e8b465ee728b) (PreviewImporter) -> (artifact id: '336c4ba412630b6aa5f5ce12c7274808') in 0.0026157 seconds
Number of updated asset objects reloaded before import = 0Number of asset objects unloaded after import = 1

========================================================================
Received Import Request.
  Time since last request: 0.000027 seconds.
  path: Assets/GeneratedGolfFields/Field2RoundedGreen.asset
  artifactKey: Guid(325e549fd4d86334784ded8e652aeb29) Importer(815301076,1909f56bfc062723c751e8b465ee728b)
Start importing Assets/GeneratedGolfFields/Field2RoundedGreen.asset using Guid(325e549fd4d86334784ded8e652aeb29) Importer(815301076,1909f56bfc062723c751e8b465ee728b) (PreviewImporter) -> (artifact id: 'c6142ac6e0de5c91b45497f7baf2569a') in 0.0204301 seconds
Number of updated asset objects reloaded before import = 0Number of asset objects unloaded after import = 2

========================================================================
Received Import Request.
  Time since last request: 0.000021 seconds.
  path: Assets/GeneratedGolfFields/Green.mat
  artifactKey: Guid(7857bd8dd5a73f64e81fca250b18f032) Importer(815301076,1909f56bfc062723c751e8b465ee728b)
Start importing Assets/GeneratedGolfFields/Green.mat using Guid(7857bd8dd5a73f64e81fca250b18f032) Importer(815301076,1909f56bfc062723c751e8b465ee728b) (PreviewImporter) -> (artifact id: '493937b68032ab07f1e376befde641df') in 0.0276653 seconds
Number of updated asset objects reloaded before import = 0Number of asset objects unloaded after import = 1

========================================================================
Received Import Request.
  Time since last request: 0.000028 seconds.
  path: Assets/GeneratedGolfFields/Field2_StartArea.asset
  artifactKey: Guid(66131e5ea1d265d42a1b68957c5daad5) Importer(815301076,1909f56bfc062723c751e8b465ee728b)
Start importing Assets/GeneratedGolfFields/Field2_StartArea.asset using Guid(66131e5ea1d265d42a1b68957c5daad5) Importer(815301076,1909f56bfc062723c751e8b465ee728b) (PreviewImporter) -> (artifact id: '5777589aab90fdfb5a03bacaba305519') in 0.0117126 seconds
Number of updated asset objects reloaded before import = 0Number of asset objects unloaded after import = 2

========================================================================
Received Import Request.
  Time since last request: 29.373823 seconds.
  path: Assets/Scenes/Field2.unity
  artifactKey: Guid(77e7d7fd9ccdcb8479670e6fb72fa73a) Importer(2089858483,b0f066a214c2f5e87bad3c948f4d605d)
Start importing Assets/Scenes/Field2.unity using Guid(77e7d7fd9ccdcb8479670e6fb72fa73a) Importer(2089858483,b0f066a214c2f5e87bad3c948f4d605d) (ScriptedImporter) -> (artifact id: 'ac3bdb9113cc55508c734f35dc5ca195') in 0.0940183 seconds
Number of updated asset objects reloaded before import = 0Number of asset objects unloaded after import = 1

========================================================================
Received Import Request.
  Time since last request: 6.340786 seconds.
  path: Assets/Materials/Ball
  artifactKey: Guid(c6455d2ac11d96840ae196c6b1e94cb7) Importer(815301076,1909f56bfc062723c751e8b465ee728b)
Start importing Assets/Materials/Ball using Guid(c6455d2ac11d96840ae196c6b1e94cb7) Importer(815301076,1909f56bfc062723c751e8b465ee728b) (PreviewImporter) -> (artifact id: '99f23ece76b85c9b0f0624062d7486e2') in 0.0005263 seconds
Number of updated asset objects reloaded before import = 0Number of asset objects unloaded after import = 0

========================================================================
Received Import Request.
  Time since last request: 0.957380 seconds.
  path: Assets/Materials/Ball
  artifactKey: Guid(c6455d2ac11d96840ae196c6b1e94cb7) Importer(2089858483,b0f066a214c2f5e87bad3c948f4d605d)
Start importing Assets/Materials/Ball using Guid(c6455d2ac11d96840ae196c6b1e94cb7) Importer(2089858483,b0f066a214c2f5e87bad3c948f4d605d) (ScriptedImporter) -> (artifact id: '2e434ba278c5badd741d9a93e7b99b82') in 0.0112939 seconds
Number of updated asset objects reloaded before import = 0Number of asset objects unloaded after import = 1

========================================================================
Received Import Request.
  Time since last request: 6.766515 seconds.
  path: Assets/Materials/Ball/MAT_Ball_Yellow.mat
  artifactKey: Guid(9b53f337e5b9e484ab45728932eab005) Importer(2089858483,b0f066a214c2f5e87bad3c948f4d605d)
Start importing Assets/Materials/Ball/MAT_Ball_Yellow.mat using Guid(9b53f337e5b9e484ab45728932eab005) Importer(2089858483,b0f066a214c2f5e87bad3c948f4d605d) (ScriptedImporter) -> (artifact id: '003ebedcfe0d43f2f8b1a6548cbe82d9') in 0.0317562 seconds
Number of updated asset objects reloaded before import = 0Number of asset objects unloaded after import = 1

========================================================================
Received Import Request.
  Time since last request: 30.990247 seconds.
  path: Assets/Materials/Hole_and_Flag
  artifactKey: Guid(15f37838a88eed245a1d4604ad7165a1) Importer(815301076,1909f56bfc062723c751e8b465ee728b)
Start importing Assets/Materials/Hole_and_Flag using Guid(15f37838a88eed245a1d4604ad7165a1) Importer(815301076,1909f56bfc062723c751e8b465ee728b) (PreviewImporter) -> (artifact id: '83c547dc17bd6c1e28d9d6222583008f') in 0.000505 seconds
Number of updated asset objects reloaded before import = 0Number of asset objects unloaded after import = 0

========================================================================
Received Import Request.
  Time since last request: 0.959423 seconds.
  path: Assets/Materials/Hole_and_Flag
  artifactKey: Guid(15f37838a88eed245a1d4604ad7165a1) Importer(2089858483,b0f066a214c2f5e87bad3c948f4d605d)
Start importing Assets/Materials/Hole_and_Flag using Guid(15f37838a88eed245a1d4604ad7165a1) Importer(2089858483,b0f066a214c2f5e87bad3c948f4d605d) (ScriptedImporter) -> (artifact id: 'c1df77846f37298d16183f73c0e05518') in 0.0099513 seconds
Number of updated asset objects reloaded before import = 0Number of asset objects unloaded after import = 1

========================================================================
Received Import Request.
  Time since last request: 4.505296 seconds.
  path: Assets/Materials/Hole_and_Flag/MAT_BeaconRed.mat
  artifactKey: Guid(a76045c462b5ef242b0fe3fc98d4b6c3) Importer(2089858483,b0f066a214c2f5e87bad3c948f4d605d)
Start importing Assets/Materials/Hole_and_Flag/MAT_BeaconRed.mat using Guid(a76045c462b5ef242b0fe3fc98d4b6c3) Importer(2089858483,b0f066a214c2f5e87bad3c948f4d605d) (ScriptedImporter) -> (artifact id: 'bf664dc3e52ad6f49774c42379dbde7b') in 0.0103117 seconds
Number of updated asset objects reloaded before import = 0Number of asset objects unloaded after import = 1

========================================================================
Received Import Request.
  Time since last request: 2.217385 seconds.
  path: Assets/Materials/Hole_and_Flag/MAT_HoleInnerWhite.mat
  artifactKey: Guid(d94db12fea81a1e40b3235293424d981) Importer(2089858483,b0f066a214c2f5e87bad3c948f4d605d)
Start importing Assets/Materials/Hole_and_Flag/MAT_HoleInnerWhite.mat using Guid(d94db12fea81a1e40b3235293424d981) Importer(2089858483,b0f066a214c2f5e87bad3c948f4d605d) (ScriptedImporter) -> (artifact id: '0aae54745e948d3c748f90671c9a634b') in 0.0103477 seconds
Number of updated asset objects reloaded before import = 0Number of asset objects unloaded after import = 1

========================================================================
Received Import Request.
  Time since last request: 6.947147 seconds.
  path: Assets/Materials/Hole_and_Flag/MAT_FlagRed_ABS.mat
  artifactKey: Guid(c4e6aa23841fbab4fb222eef94a12a39) Importer(2089858483,b0f066a214c2f5e87bad3c948f4d605d)
Start importing Assets/Materials/Hole_and_Flag/MAT_FlagRed_ABS.mat using Guid(c4e6aa23841fbab4fb222eef94a12a39) Importer(2089858483,b0f066a214c2f5e87bad3c948f4d605d) (ScriptedImporter) -> (artifact id: 'd032c30596a5b993ed9c21850210ce72') in 0.0103962 seconds
Number of updated asset objects reloaded before import = 0Number of asset objects unloaded after import = 1

========================================================================
Received Import Request.
  Time since last request: 4.242402 seconds.
  path: Assets/Textures/Bunker01_Guide.png
  artifactKey: Guid(16e83c22ae733ed4aa97722d443a9f43) Importer(815301076,1909f56bfc062723c751e8b465ee728b)
Start importing Assets/Textures/Bunker01_Guide.png using Guid(16e83c22ae733ed4aa97722d443a9f43) Importer(815301076,1909f56bfc062723c751e8b465ee728b) (PreviewImporter) -> (artifact id: '3e17739f01daac0f301092cf26e8fe5c') in 0.0246248 seconds
Number of updated asset objects reloaded before import = 0Number of asset objects unloaded after import = 2

========================================================================
Received Import Request.
  Time since last request: 147.591861 seconds.
  path: Assets/Materials/Bunker
  artifactKey: Guid(680768955d7a09d4c811323d11332f0a) Importer(815301076,1909f56bfc062723c751e8b465ee728b)
Start importing Assets/Materials/Bunker using Guid(680768955d7a09d4c811323d11332f0a) Importer(815301076,1909f56bfc062723c751e8b465ee728b) (PreviewImporter) -> (artifact id: '0c691038c00a8e07c6e1b21280a1b35e') in 0.0006193 seconds
Number of updated asset objects reloaded before import = 0Number of asset objects unloaded after import = 0

========================================================================
Received Import Request.
  Time since last request: 0.960071 seconds.
  path: Assets/Materials/Bunker
  artifactKey: Guid(680768955d7a09d4c811323d11332f0a) Importer(2089858483,b0f066a214c2f5e87bad3c948f4d605d)
Start importing Assets/Materials/Bunker using Guid(680768955d7a09d4c811323d11332f0a) Importer(2089858483,b0f066a214c2f5e87bad3c948f4d605d) (ScriptedImporter) -> (artifact id: 'b90c74f8d1156e6633ac318c4d3442f1') in 0.0101415 seconds
Number of updated asset objects reloaded before import = 0Number of asset objects unloaded after import = 1

========================================================================
Received Import Request.
  Time since last request: 6.308866 seconds.
  path: Assets/Materials/Bunker/MAT_Bunker01_Guide.mat
  artifactKey: Guid(c6f2cc295a9a4a1418d8b7b9f342db54) Importer(2089858483,b0f066a214c2f5e87bad3c948f4d605d)
Start importing Assets/Materials/Bunker/MAT_Bunker01_Guide.mat using Guid(c6f2cc295a9a4a1418d8b7b9f342db54) Importer(2089858483,b0f066a214c2f5e87bad3c948f4d605d) (ScriptedImporter) -> (artifact id: '76e0be80a8da8ec52adce24ba7c2df99') in 0.0141648 seconds
Number of updated asset objects reloaded before import = 0Number of asset objects unloaded after import = 2

========================================================================
Received Import Request.
  Time since last request: 2.791711 seconds.
  path: Assets/Materials/Bunker/MAT_BunkerGuide.mat
  artifactKey: Guid(5fa1e80b98c214d41afb2e2b4d7ef1bb) Importer(2089858483,b0f066a214c2f5e87bad3c948f4d605d)
Start importing Assets/Materials/Bunker/MAT_BunkerGuide.mat using Guid(5fa1e80b98c214d41afb2e2b4d7ef1bb) Importer(2089858483,b0f066a214c2f5e87bad3c948f4d605d) (ScriptedImporter) -> (artifact id: '7122893d1794799a8781cc232a4ef740') in 0.0106802 seconds
Number of updated asset objects reloaded before import = 0Number of asset objects unloaded after import = 1

========================================================================
Received Import Request.
  Time since last request: 1.438679 seconds.
  path: Assets/Materials/Bunker/MAT_BunkerSand.mat
  artifactKey: Guid(8104158a4120f364e8b1a26b5308eec9) Importer(2089858483,b0f066a214c2f5e87bad3c948f4d605d)
Start importing Assets/Materials/Bunker/MAT_BunkerSand.mat using Guid(8104158a4120f364e8b1a26b5308eec9) Importer(2089858483,b0f066a214c2f5e87bad3c948f4d605d) (ScriptedImporter) -> (artifact id: '3a6798ca69c0e83f3520d92ae95d630f') in 0.0112452 seconds
Number of updated asset objects reloaded before import = 0Number of asset objects unloaded after import = 1

========================================================================
Received Import Request.
  Time since last request: 76.974370 seconds.
  path: Assets/Materials/Rough
  artifactKey: Guid(9e9a5da4d7046d441a912f523fce3b05) Importer(815301076,1909f56bfc062723c751e8b465ee728b)
Start importing Assets/Materials/Rough using Guid(9e9a5da4d7046d441a912f523fce3b05) Importer(815301076,1909f56bfc062723c751e8b465ee728b) (PreviewImporter) -> (artifact id: 'e8bcd6fd030fe008998d53d71c99ba46') in 0.0005232 seconds
Number of updated asset objects reloaded before import = 0Number of asset objects unloaded after import = 0

========================================================================
Received Import Request.
  Time since last request: 0.959642 seconds.
  path: Assets/Materials/Rough
  artifactKey: Guid(9e9a5da4d7046d441a912f523fce3b05) Importer(2089858483,b0f066a214c2f5e87bad3c948f4d605d)
Start importing Assets/Materials/Rough using Guid(9e9a5da4d7046d441a912f523fce3b05) Importer(2089858483,b0f066a214c2f5e87bad3c948f4d605d) (ScriptedImporter) -> (artifact id: 'e616f180cc4cdcec2493a05f7604cc01') in 0.010778 seconds
Number of updated asset objects reloaded before import = 0Number of asset objects unloaded after import = 1

========================================================================
Received Import Request.
  Time since last request: 8.169136 seconds.
  path: Assets/Materials/Rough/MAT_Field2_RoughCorner.mat
  artifactKey: Guid(8a2e2211c66cab645b4bc1cd008afdc4) Importer(2089858483,b0f066a214c2f5e87bad3c948f4d605d)
Start importing Assets/Materials/Rough/MAT_Field2_RoughCorner.mat using Guid(8a2e2211c66cab645b4bc1cd008afdc4) Importer(2089858483,b0f066a214c2f5e87bad3c948f4d605d) (ScriptedImporter) -> (artifact id: '67536a7d22efbe2417728d2d3444b341') in 0.0150953 seconds
Number of updated asset objects reloaded before import = 0Number of asset objects unloaded after import = 2

========================================================================
Received Import Request.
  Time since last request: 0.000026 seconds.
  path: Assets/Materials/Rough/MAT_Field2_RoughInnerHorizontal.mat
  artifactKey: Guid(69755b5cdedd86141851919deeef3d0c) Importer(2089858483,b0f066a214c2f5e87bad3c948f4d605d)
Start importing Assets/Materials/Rough/MAT_Field2_RoughInnerHorizontal.mat using Guid(69755b5cdedd86141851919deeef3d0c) Importer(2089858483,b0f066a214c2f5e87bad3c948f4d605d) (ScriptedImporter) -> (artifact id: '1134001d70c89b43f2ba579a176f029f') in 0.0176768 seconds
Number of updated asset objects reloaded before import = 0Number of asset objects unloaded after import = 2

========================================================================
Received Import Request.
  Time since last request: 3.721641 seconds.
  path: Assets/Materials/Rough/MAT_Rough_GreenFenceCover.mat
  artifactKey: Guid(2e9c61943e4d78048b42d3407ffccda5) Importer(2089858483,b0f066a214c2f5e87bad3c948f4d605d)
Start importing Assets/Materials/Rough/MAT_Rough_GreenFenceCover.mat using Guid(2e9c61943e4d78048b42d3407ffccda5) Importer(2089858483,b0f066a214c2f5e87bad3c948f4d605d) (ScriptedImporter) -> (artifact id: '0c4b28c9b5cd356bcf05a19a00185785') in 0.0139104 seconds
Number of updated asset objects reloaded before import = 0Number of asset objects unloaded after import = 2

========================================================================
Received Import Request.
  Time since last request: 3.843045 seconds.
  path: Assets/Materials/Rough/MAT_Rough_GreenFenceCover_Vertical.mat
  artifactKey: Guid(2c7b631a710dba3449771ddaa0c7f82c) Importer(2089858483,b0f066a214c2f5e87bad3c948f4d605d)
Start importing Assets/Materials/Rough/MAT_Rough_GreenFenceCover_Vertical.mat using Guid(2c7b631a710dba3449771ddaa0c7f82c) Importer(2089858483,b0f066a214c2f5e87bad3c948f4d605d) (ScriptedImporter) -> (artifact id: 'c5c0e13d7c239f5df056801c96f1cb08') in 0.0140424 seconds
Number of updated asset objects reloaded before import = 0Number of asset objects unloaded after import = 2

========================================================================
Received Import Request.
  Time since last request: 8.663133 seconds.
  path: Assets/Materials/Hole_and_Flag/MAT_HoleDark.mat
  artifactKey: Guid(6ec4e7754edb9544d87c371db0edd5e1) Importer(2089858483,b0f066a214c2f5e87bad3c948f4d605d)
Start importing Assets/Materials/Hole_and_Flag/MAT_HoleDark.mat using Guid(6ec4e7754edb9544d87c371db0edd5e1) Importer(2089858483,b0f066a214c2f5e87bad3c948f4d605d) (ScriptedImporter) -> (artifact id: '99688e3641c889a8fe689bb063c2453e') in 0.0122493 seconds
Number of updated asset objects reloaded before import = 0Number of asset objects unloaded after import = 1

========================================================================
Received Import Request.
  Time since last request: 40.574066 seconds.
  path: Assets/Textures/Green_Guide.png
  artifactKey: Guid(8576e84d965d8f14cb76774c010dd768) Importer(815301076,1909f56bfc062723c751e8b465ee728b)
Start importing Assets/Textures/Green_Guide.png using Guid(8576e84d965d8f14cb76774c010dd768) Importer(815301076,1909f56bfc062723c751e8b465ee728b) (PreviewImporter) -> (artifact id: 'f85c96bfd0c57312ace5248a98812051') in 0.0156213 seconds
Number of updated asset objects reloaded before import = 0Number of asset objects unloaded after import = 2

========================================================================
Received Import Request.
  Time since last request: 40.932816 seconds.
  path: Assets/PhysicsMaterials
  artifactKey: Guid(1c45300aace5cb54d849b336884ee88d) Importer(815301076,1909f56bfc062723c751e8b465ee728b)
Start importing Assets/PhysicsMaterials using Guid(1c45300aace5cb54d849b336884ee88d) Importer(815301076,1909f56bfc062723c751e8b465ee728b) (PreviewImporter) -> (artifact id: '2d78e48e919eba3da6cc4de3972735ac') in 0.0006139 seconds
Number of updated asset objects reloaded before import = 0Number of asset objects unloaded after import = 0

========================================================================
Received Import Request.
  Time since last request: 0.890008 seconds.
  path: Assets/Prefabs
  artifactKey: Guid(c3237d14f28ef054fb1cb9beb0bfe43e) Importer(815301076,1909f56bfc062723c751e8b465ee728b)
Start importing Assets/Prefabs using Guid(c3237d14f28ef054fb1cb9beb0bfe43e) Importer(815301076,1909f56bfc062723c751e8b465ee728b) (PreviewImporter) -> (artifact id: '089349275b671d812a562c53ed60caad') in 0.000575 seconds
Number of updated asset objects reloaded before import = 0Number of asset objects unloaded after import = 0

========================================================================
Received Import Request.
  Time since last request: 0.086176 seconds.
  path: Assets/Prefabs/GolfBall_Blue.prefab
  artifactKey: Guid(bd9c498ce5eca3c4e89a0152371ded4a) Importer(815301076,1909f56bfc062723c751e8b465ee728b)
Start importing Assets/Prefabs/GolfBall_Blue.prefab using Guid(bd9c498ce5eca3c4e89a0152371ded4a) Importer(815301076,1909f56bfc062723c751e8b465ee728b) (PreviewImporter) -> (artifact id: '089cf7839bf26049db6b3c136b69e27e') in 0.0319096 seconds
Number of updated asset objects reloaded before import = 0Number of asset objects unloaded after import = 9

========================================================================
Received Import Request.
  Time since last request: 0.000023 seconds.
  path: Assets/Prefabs/HoleRoot 1.prefab
  artifactKey: Guid(530a2f91059ace943b83f1cc402c840b) Importer(815301076,1909f56bfc062723c751e8b465ee728b)
Start importing Assets/Prefabs/HoleRoot 1.prefab using Guid(530a2f91059ace943b83f1cc402c840b) Importer(815301076,1909f56bfc062723c751e8b465ee728b) (PreviewImporter) -> (artifact id: '86c5efa72ae273052f60f7162496f140') in 0.034365 seconds
Number of updated asset objects reloaded before import = 0Number of asset objects unloaded after import = 47

Editor requested this worker to shutdown with reason: Scaling down because of idle timeout
AssetImportWorker is now disconnected from the server
Process exiting
Exiting without the bug reporter. Application will terminate with return code 0